Archive member included to satisfy reference by file (symbol)

c:/st/stm32cubeide_1.7.0/stm32cubeide/plugins/com.st.stm32cube.ide.mcu.externaltools.gnu-tools-for-stm32.9-2020-q2-update.win32_2.0.0.202105311346/tools/bin/../lib/gcc/arm-none-eabi/9.3.1/../../../../arm-none-eabi/lib/thumb/v7-m/nofp\libc_nano.a(lib_a-errno.o)
                              ./Core/Src/syscalls.o (__errno)
c:/st/stm32cubeide_1.7.0/stm32cubeide/plugins/com.st.stm32cube.ide.mcu.externaltools.gnu-tools-for-stm32.9-2020-q2-update.win32_2.0.0.202105311346/tools/bin/../lib/gcc/arm-none-eabi/9.3.1/../../../../arm-none-eabi/lib/thumb/v7-m/nofp\libc_nano.a(lib_a-exit.o)
                              c:/st/stm32cubeide_1.7.0/stm32cubeide/plugins/com.st.stm32cube.ide.mcu.externaltools.gnu-tools-for-stm32.9-2020-q2-update.win32_2.0.0.202105311346/tools/bin/../lib/gcc/arm-none-eabi/9.3.1/../../../../arm-none-eabi/lib/thumb/v7-m/nofp/crt0.o (exit)
c:/st/stm32cubeide_1.7.0/stm32cubeide/plugins/com.st.stm32cube.ide.mcu.externaltools.gnu-tools-for-stm32.9-2020-q2-update.win32_2.0.0.202105311346/tools/bin/../lib/gcc/arm-none-eabi/9.3.1/../../../../arm-none-eabi/lib/thumb/v7-m/nofp\libc_nano.a(lib_a-impure.o)
                              c:/st/stm32cubeide_1.7.0/stm32cubeide/plugins/com.st.stm32cube.ide.mcu.externaltools.gnu-tools-for-stm32.9-2020-q2-update.win32_2.0.0.202105311346/tools/bin/../lib/gcc/arm-none-eabi/9.3.1/../../../../arm-none-eabi/lib/thumb/v7-m/nofp\libc_nano.a(lib_a-exit.o) (_global_impure_ptr)
c:/st/stm32cubeide_1.7.0/stm32cubeide/plugins/com.st.stm32cube.ide.mcu.externaltools.gnu-tools-for-stm32.9-2020-q2-update.win32_2.0.0.202105311346/tools/bin/../lib/gcc/arm-none-eabi/9.3.1/../../../../arm-none-eabi/lib/thumb/v7-m/nofp\libc_nano.a(lib_a-init.o)
                              c:/st/stm32cubeide_1.7.0/stm32cubeide/plugins/com.st.stm32cube.ide.mcu.externaltools.gnu-tools-for-stm32.9-2020-q2-update.win32_2.0.0.202105311346/tools/bin/../lib/gcc/arm-none-eabi/9.3.1/../../../../arm-none-eabi/lib/thumb/v7-m/nofp/crt0.o (__libc_init_array)
c:/st/stm32cubeide_1.7.0/stm32cubeide/plugins/com.st.stm32cube.ide.mcu.externaltools.gnu-tools-for-stm32.9-2020-q2-update.win32_2.0.0.202105311346/tools/bin/../lib/gcc/arm-none-eabi/9.3.1/../../../../arm-none-eabi/lib/thumb/v7-m/nofp\libc_nano.a(lib_a-memset.o)
                              c:/st/stm32cubeide_1.7.0/stm32cubeide/plugins/com.st.stm32cube.ide.mcu.externaltools.gnu-tools-for-stm32.9-2020-q2-update.win32_2.0.0.202105311346/tools/bin/../lib/gcc/arm-none-eabi/9.3.1/../../../../arm-none-eabi/lib/thumb/v7-m/nofp/crt0.o (memset)
c:/st/stm32cubeide_1.7.0/stm32cubeide/plugins/com.st.stm32cube.ide.mcu.externaltools.gnu-tools-for-stm32.9-2020-q2-update.win32_2.0.0.202105311346/tools/bin/../lib/gcc/arm-none-eabi/9.3.1/../../../../arm-none-eabi/lib/thumb/v7-m/nofp\libc_nano.a(lib_a-sprintf.o)
                              ./Core/Src/lcd_16x2.o (sprintf)
c:/st/stm32cubeide_1.7.0/stm32cubeide/plugins/com.st.stm32cube.ide.mcu.externaltools.gnu-tools-for-stm32.9-2020-q2-update.win32_2.0.0.202105311346/tools/bin/../lib/gcc/arm-none-eabi/9.3.1/../../../../arm-none-eabi/lib/thumb/v7-m/nofp\libc_nano.a(lib_a-strlen.o)
                              ./Core/Src/lcd_16x2.o (strlen)
c:/st/stm32cubeide_1.7.0/stm32cubeide/plugins/com.st.stm32cube.ide.mcu.externaltools.gnu-tools-for-stm32.9-2020-q2-update.win32_2.0.0.202105311346/tools/bin/../lib/gcc/arm-none-eabi/9.3.1/../../../../arm-none-eabi/lib/thumb/v7-m/nofp\libc_nano.a(lib_a-nano-svfprintf.o)
                              c:/st/stm32cubeide_1.7.0/stm32cubeide/plugins/com.st.stm32cube.ide.mcu.externaltools.gnu-tools-for-stm32.9-2020-q2-update.win32_2.0.0.202105311346/tools/bin/../lib/gcc/arm-none-eabi/9.3.1/../../../../arm-none-eabi/lib/thumb/v7-m/nofp\libc_nano.a(lib_a-sprintf.o) (_svfprintf_r)
c:/st/stm32cubeide_1.7.0/stm32cubeide/plugins/com.st.stm32cube.ide.mcu.externaltools.gnu-tools-for-stm32.9-2020-q2-update.win32_2.0.0.202105311346/tools/bin/../lib/gcc/arm-none-eabi/9.3.1/../../../../arm-none-eabi/lib/thumb/v7-m/nofp\libc_nano.a(lib_a-nano-vfprintf_i.o)
                              c:/st/stm32cubeide_1.7.0/stm32cubeide/plugins/com.st.stm32cube.ide.mcu.externaltools.gnu-tools-for-stm32.9-2020-q2-update.win32_2.0.0.202105311346/tools/bin/../lib/gcc/arm-none-eabi/9.3.1/../../../../arm-none-eabi/lib/thumb/v7-m/nofp\libc_nano.a(lib_a-nano-svfprintf.o) (_printf_i)
c:/st/stm32cubeide_1.7.0/stm32cubeide/plugins/com.st.stm32cube.ide.mcu.externaltools.gnu-tools-for-stm32.9-2020-q2-update.win32_2.0.0.202105311346/tools/bin/../lib/gcc/arm-none-eabi/9.3.1/../../../../arm-none-eabi/lib/thumb/v7-m/nofp\libc_nano.a(lib_a-memchr-stub.o)
                              c:/st/stm32cubeide_1.7.0/stm32cubeide/plugins/com.st.stm32cube.ide.mcu.externaltools.gnu-tools-for-stm32.9-2020-q2-update.win32_2.0.0.202105311346/tools/bin/../lib/gcc/arm-none-eabi/9.3.1/../../../../arm-none-eabi/lib/thumb/v7-m/nofp\libc_nano.a(lib_a-nano-svfprintf.o) (memchr)
[...]
Memory Configuration

Name             Origin             Length             Attributes
RAM              0x0000000020000000 0x0000000000002800 xrw
FLASH            0x0000000008000000 0x0000000000008000 xr
*default*        0x0000000000000000 0xffffffffffffffff

Linker script and memory map

LOAD c:/st/stm32cubeide_1.7.0/stm32cubeide/plugins/com.st.stm32cube.ide.mcu.externaltools.gnu-tools-for-stm32.9-2020-q2-update.win32_2.0.0.202105311346/tools/bin/../lib/gcc/arm-none-eabi/9.3.1/thumb/v7-m/nofp/crti.o
LOAD c:/st/stm32cubeide_1.7.0/stm32cubeide/plugins/com.st.stm32cube.ide.mcu.externaltools.gnu-tools-for-stm32.9-2020-q2-update.win32_2.0.0.202105311346/tools/bin/../lib/gcc/arm-none-eabi/9.3.1/thumb/v7-m/nofp/crtbegin.o
LOAD c:/st/stm32cubeide_1.7.0/stm32cubeide/plugins/com.st.stm32cube.ide.mcu.externaltools.gnu-tools-for-stm32.9-2020-q2-update.win32_2.0.0.202105311346/tools/bin/../lib/gcc/arm-none-eabi/9.3.1/../../../../arm-none-eabi/lib/thumb/v7-m/nofp/crt0.o
LOAD ./Core/Src/lcd_16x2.o
LOAD ./Core/Src/main.o
LOAD ./Core/Src/stm32f1xx_hal_msp.o
LOAD ./Core/Src/stm32f1xx_it.o
LOAD ./Core/Src/syscalls.o
LOAD ./Core/Src/sysmem.o
LOAD ./Core/Src/system_stm32f1xx.o
LOAD ./Core/Startup/startup_stm32f103c6tx.o
LOAD ./Drivers/STM32F1xx_HAL_Driver/Src/stm32f1xx_hal.o
LOAD ./Drivers/STM32F1xx_HAL_Driver/Src/stm32f1xx_hal_adc.o
LOAD ./Drivers/STM32F1xx_HAL_Driver/Src/stm32f1xx_hal_adc_ex.o
LOAD ./Drivers/STM32F1xx_HAL_Driver/Src/stm32f1xx_hal_cortex.o
LOAD ./Drivers/STM32F1xx_HAL_Driver/Src/stm32f1xx_hal_dma.o
LOAD ./Drivers/STM32F1xx_HAL_Driver/Src/stm32f1xx_hal_exti.o
LOAD ./Drivers/STM32F1xx_HAL_Driver/Src/stm32f1xx_hal_flash.o
LOAD ./Drivers/STM32F1xx_HAL_Driver/Src/stm32f1xx_hal_flash_ex.o
LOAD ./Drivers/STM32F1xx_HAL_Driver/Src/stm32f1xx_hal_gpio.o
LOAD ./Drivers/STM32F1xx_HAL_Driver/Src/stm32f1xx_hal_gpio_ex.o
LOAD ./Drivers/STM32F1xx_HAL_Driver/Src/stm32f1xx_hal_pwr.o
LOAD ./Drivers/STM32F1xx_HAL_Driver/Src/stm32f1xx_hal_rcc.o
LOAD ./Drivers/STM32F1xx_HAL_Driver/Src/stm32f1xx_hal_rcc_ex.o
LOAD ./Drivers/STM32F1xx_HAL_Driver/Src/stm32f1xx_hal_tim.o
LOAD ./Drivers/STM32F1xx_HAL_Driver/Src/stm32f1xx_hal_tim_ex.o
START GROUP
LOAD c:/st/stm32cubeide_1.7.0/stm32cubeide/plugins/com.st.stm32cube.ide.mcu.externaltools.gnu-tools-for-stm32.9-2020-q2-update.win32_2.0.0.202105311346/tools/bin/../lib/gcc/arm-none-eabi/9.3.1/../../../../arm-none-eabi/lib/thumb/v7-m/nofp\libc_nano.a
LOAD c:/st/stm32cubeide_1.7.0/stm32cubeide/plugins/com.st.stm32cube.ide.mcu.externaltools.gnu-tools-for-stm32.9-2020-q2-update.win32_2.0.0.202105311346/tools/bin/../lib/gcc/arm-none-eabi/9.3.1/../../../../arm-none-eabi/lib/thumb/v7-m/nofp\libm.a
END GROUP
START GROUP
LOAD c:/st/stm32cubeide_1.7.0/stm32cubeide/plugins/com.st.stm32cube.ide.mcu.externaltools.gnu-tools-for-stm32.9-2020-q2-update.win32_2.0.0.202105311346/tools/bin/../lib/gcc/arm-none-eabi/9.3.1/thumb/v7-m/nofp\libgcc.a
LOAD c:/st/stm32cubeide_1.7.0/stm32cubeide/plugins/com.st.stm32cube.ide.mcu.externaltools.gnu-tools-for-stm32.9-2020-q2-update.win32_2.0.0.202105311346/tools/bin/../lib/gcc/arm-none-eabi/9.3.1/../../../../arm-none-eabi/lib/thumb/v7-m/nofp\libc_nano.a
END GROUP
START GROUP
LOAD c:/st/stm32cubeide_1.7.0/stm32cubeide/plugins/com.st.stm32cube.ide.mcu.externaltools.gnu-tools-for-stm32.9-2020-q2-update.win32_2.0.0.202105311346/tools/bin/../lib/gcc/arm-none-eabi/9.3.1/thumb/v7-m/nofp\libgcc.a
LOAD c:/st/stm32cubeide_1.7.0/stm32cubeide/plugins/com.st.stm32cube.ide.mcu.externaltools.gnu-tools-for-stm32.9-2020-q2-update.win32_2.0.0.202105311346/tools/bin/../lib/gcc/arm-none-eabi/9.3.1/../../../../arm-none-eabi/lib/thumb/v7-m/nofp\libc_nano.a
LOAD c:/st/stm32cubeide_1.7.0/stm32cubeide/plugins/com.st.stm32cube.ide.mcu.externaltools.gnu-tools-for-stm32.9-2020-q2-update.win32_2.0.0.202105311346/tools/bin/../lib/gcc/arm-none-eabi/9.3.1/../../../../arm-none-eabi/lib/thumb/v7-m/nofp\libnosys.a
END GROUP
START GROUP
LOAD c:/st/stm32cubeide_1.7.0/stm32cubeide/plugins/com.st.stm32cube.ide.mcu.externaltools.gnu-tools-for-stm32.9-2020-q2-update.win32_2.0.0.202105311346/tools/bin/../lib/gcc/arm-none-eabi/9.3.1/thumb/v7-m/nofp\libgcc.a
LOAD c:/st/stm32cubeide_1.7.0/stm32cubeide/plugins/com.st.stm32cube.ide.mcu.externaltools.gnu-tools-for-stm32.9-2020-q2-update.win32_2.0.0.202105311346/tools/bin/../lib/gcc/arm-none-eabi/9.3.1/../../../../arm-none-eabi/lib/thumb/v7-m/nofp\libc_nano.a
LOAD c:/st/stm32cubeide_1.7.0/stm32cubeide/plugins/com.st.stm32cube.ide.mcu.externaltools.gnu-tools-for-stm32.9-2020-q2-update.win32_2.0.0.202105311346/tools/bin/../lib/gcc/arm-none-eabi/9.3.1/../../../../arm-none-eabi/lib/thumb/v7-m/nofp\libnosys.a
END GROUP
LOAD c:/st/stm32cubeide_1.7.0/stm32cubeide/plugins/com.st.stm32cube.ide.mcu.externaltools.gnu-tools-for-stm32.9-2020-q2-update.win32_2.0.0.202105311346/tools/bin/../lib/gcc/arm-none-eabi/9.3.1/thumb/v7-m/nofp/crtend.o
LOAD c:/st/stm32cubeide_1.7.0/stm32cubeide/plugins/com.st.stm32cube.ide.mcu.externaltools.gnu-tools-for-stm32.9-2020-q2-update.win32_2.0.0.202105311346/tools/bin/../lib/gcc/arm-none-eabi/9.3.1/thumb/v7-m/nofp/crtn.o
                0x0000000020002800                _estack = (ORIGIN (RAM) + LENGTH (RAM))
                0x0000000000000200                _Min_Heap_Size = 0x200
                0x0000000000000400                _Min_Stack_Size = 0x400

.isr_vector     0x0000000008000000      0x10c
                0x0000000008000000                . = ALIGN (0x4)
 *(.isr_vector)
 .isr_vector    0x0000000008000000      0x10c ./Core/Startup/startup_stm32f103c6tx.o
                0x0000000008000000                g_pfnVectors
                0x000000000800010c                . = ALIGN (0x4)

.text           0x0000000008000110     0x3f0c
                0x0000000008000110                . = ALIGN (0x4)
 *(.text)
 .text          0x0000000008000110       0x40 c:/st/stm32cubeide_1.7.0/stm32cubeide/plugins/com.st.stm32cube.ide.mcu.externaltools.gnu-tools-for-stm32.9-2020-q2-update.win32_2.0.0.202105311346/tools/bin/../lib/gcc/arm-none-eabi/9.3.1/thumb/v7-m/nofp/crtbegin.o
 .text          0x0000000008000150       0x10 c:/st/stm32cubeide_1.7.0/stm32cubeide/plugins/com.st.stm32cube.ide.mcu.externaltools.gnu-tools-for-stm32.9-2020-q2-update.win32_2.0.0.202105311346/tools/bin/../lib/gcc/arm-none-eabi/9.3.1/../../../../arm-none-eabi/lib/thumb/v7-m/nofp\libc_nano.a(lib_a-strlen.o)
                0x0000000008000150                strlen
 .text          0x0000000008000160      0x254 c:/st/stm32cubeide_1.7.0/stm32cubeide/plugins/com.st.stm32cube.ide.mcu.externaltools.gnu-tools-for-stm32.9-2020-q2-update.win32_2.0.0.202105311346/tools/bin/../lib/gcc/arm-none-eabi/9.3.1/thumb/v7-m/nofp\libgcc.a(_arm_muldf3.o)
                0x0000000008000160                __muldf3
                0x0000000008000160                __aeabi_dmul
 .text          0x00000000080003b4      0x378 c:/st/stm32cubeide_1.7.0/stm32cubeide/plugins/com.st.stm32cube.ide.mcu.externaltools.gnu-tools-for-stm32.9-2020-q2-update.win32_2.0.0.202105311346/tools/bin/../lib/gcc/arm-none-eabi/9.3.1/thumb/v7-m/nofp\libgcc.a(_arm_addsubdf3.o)
                0x00000000080003b4                __aeabi_drsub
                0x00000000080003bc                __aeabi_dsub
                0x00000000080003bc                __subdf3
                0x00000000080003c0                __aeabi_dadd
                0x00000000080003c0                __adddf3
                0x0000000008000638                __floatunsidf
                0x0000000008000638                __aeabi_ui2d
                0x0000000008000658                __floatsidf
                0x0000000008000658                __aeabi_i2d
                0x000000000800067c                __aeabi_f2d
                0x000000000800067c                __extendsfdf2
                0x00000000080006c0                __floatundidf
                0x00000000080006c0                __aeabi_ul2d
                0x00000000080006d0                __floatdidf
                0x00000000080006d0                __aeabi_l2d
 .text          0x000000000800072c       0x40 c:/st/stm32cubeide_1.7.0/stm32cubeide/plugins/com.st.stm32cube.ide.mcu.externaltools.gnu-tools-for-stm32.9-2020-q2-update.win32_2.0.0.202105311346/tools/bin/../lib/gcc/arm-none-eabi/9.3.1/thumb/v7-m/nofp\libgcc.a(_arm_fixunsdfsi.o)
                0x000000000800072c                __aeabi_d2uiz
                0x000000000800072c                __fixunsdfsi
 .text          0x000000000800076c      0x21c c:/st/stm32cubeide_1.7.0/stm32cubeide/plugins/com.st.stm32cube.ide.mcu.externaltools.gnu-tools-for-stm32.9-2020-q2-update.win32_2.0.0.202105311346/tools/bin/../lib/gcc/arm-none-eabi/9.3.1/thumb/v7-m/nofp\libgcc.a(_arm_addsubsf3.o)
                0x000000000800076c                __aeabi_frsub
                0x0000000008000774                __subsf3
                0x0000000008000774                __aeabi_fsub
                0x0000000008000778                __aeabi_fadd
                0x0000000008000778                __addsf3
                0x00000000080008d8                __aeabi_ui2f
                0x00000000080008d8                __floatunsisf
                0x00000000080008e0                __aeabi_i2f
                0x00000000080008e0                __floatsisf
                0x00000000080008fc                __aeabi_ul2f
                0x00000000080008fc                __floatundisf
                0x000000000800090c                __aeabi_l2f
                0x000000000800090c                __floatdisf
 .text          0x0000000008000988      0x2a0 c:/st/stm32cubeide_1.7.0/stm32cubeide/plugins/com.st.stm32cube.ide.mcu.externaltools.gnu-tools-for-stm32.9-2020-q2-update.win32_2.0.0.202105311346/tools/bin/../lib/gcc/arm-none-eabi/9.3.1/thumb/v7-m/nofp\libgcc.a(_arm_muldivsf3.o)
                0x0000000008000988                __mulsf3
                0x0000000008000988                __aeabi_fmul
                0x0000000008000af0                __aeabi_fdiv
                0x0000000008000af0                __divsf3
 *(.text*)
 .text.Lcd_Init
                0x0000000008000c28       0x30 ./Core/Src/lcd_16x2.o
                0x0000000008000c28                Lcd_Init
 .text.Lcd_write_int
                0x0000000008000c58       0x2c ./Core/Src/lcd_16x2.o
                0x0000000008000c58                Lcd_write_int
 .text.Lcd_write_string
                0x0000000008000c84       0x3a ./Core/Src/lcd_16x2.o
                0x0000000008000c84                Lcd_write_string
 .text.Lcd_gotoxy
                0x0000000008000cbe       0x44 ./Core/Src/lcd_16x2.o
                0x0000000008000cbe                Lcd_gotoxy
 *fill*         0x0000000008000d02        0x2 
 .text.Lcd_display
                0x0000000008000d04       0xa0 ./Core/Src/lcd_16x2.o
                0x0000000008000d04                Lcd_display
 .text.Lcd_configure
                0x0000000008000da4      0x148 ./Core/Src/lcd_16x2.o
 .text.lcd_write_command
                0x0000000008000eec       0x40 ./Core/Src/lcd_16x2.o
 .text.lcd_write_data
                0x0000000008000f2c       0x40 ./Core/Src/lcd_16x2.o
 .text.lcd_write
                0x0000000008000f6c       0x98 ./Core/Src/lcd_16x2.o
 *fill*         0x0000000008001004        0x4 
 .text.main     0x0000000008001008       0xcc ./Core/Src/main.o
                0x0000000008001008                main
 .text.SystemClock_Config
                0x00000000080010d4       0xa0 ./Core/Src/main.o
                0x00000000080010d4                SystemClock_Config
 .text.MX_ADC1_Init
                0x0000000008001174       0x7c ./Core/Src/main.o
 .text.MX_TIM2_Init
                0x00000000080011f0       0xe8 ./Core/Src/main.o
 .text.MX_GPIO_Init
                0x00000000080012d8       0x2c ./Core/Src/main.o
 .text.TIM2_PWM_Set_Duty
                0x0000000008001304       0x3c ./Core/Src/main.o
                0x0000000008001304                TIM2_PWM_Set_Duty
 .text.TIM2_PWM_Set_Frequency
                0x0000000008001340       0x2c ./Core/Src/main.o
                0x0000000008001340                TIM2_PWM_Set_Frequency
 .text.Error_Handler
                0x000000000800136c        0xa ./Core/Src/main.o
                0x000000000800136c                Error_Handler
 *fill*         0x0000000008001376        0x2 
 .text.HAL_MspInit
                0x0000000008001378       0x64 ./Core/Src/stm32f1xx_hal_msp.o
                0x0000000008001378                HAL_MspInit
 .text.HAL_ADC_MspInit
                0x00000000080013dc       0x78 ./Core/Src/stm32f1xx_hal_msp.o
                0x00000000080013dc                HAL_ADC_MspInit
 .text.HAL_TIM_Base_MspInit
                0x0000000008001454       0x38 ./Core/Src/stm32f1xx_hal_msp.o
                0x0000000008001454                HAL_TIM_Base_MspInit
 .text.HAL_TIM_MspPostInit
                0x000000000800148c       0x60 ./Core/Src/stm32f1xx_hal_msp.o
                0x000000000800148c                HAL_TIM_MspPostInit
 .text.NMI_Handler
                0x00000000080014ec        0x6 ./Core/Src/stm32f1xx_it.o
                0x00000000080014ec                NMI_Handler
 .text.HardFault_Handler
                0x00000000080014f2        0x6 ./Core/Src/stm32f1xx_it.o
                0x00000000080014f2                HardFault_Handler
 .text.MemManage_Handler
                0x00000000080014f8        0x6 ./Core/Src/stm32f1xx_it.o
                0x00000000080014f8                MemManage_Handler
 .text.BusFault_Handler
                0x00000000080014fe        0x6 ./Core/Src/stm32f1xx_it.o
                0x00000000080014fe                BusFault_Handler
 .text.UsageFault_Handler
                0x0000000008001504        0x6 ./Core/Src/stm32f1xx_it.o
                0x0000000008001504                UsageFault_Handler
 .text.SVC_Handler
                0x000000000800150a        0xc ./Core/Src/stm32f1xx_it.o
                0x000000000800150a                SVC_Handler
 .text.DebugMon_Handler
                0x0000000008001516        0xc ./Core/Src/stm32f1xx_it.o
                0x0000000008001516                DebugMon_Handler
 .text.PendSV_Handler
                0x0000000008001522        0xc ./Core/Src/stm32f1xx_it.o
                0x0000000008001522                PendSV_Handler
 .text.SysTick_Handler
                0x000000000800152e        0xc ./Core/Src/stm32f1xx_it.o
                0x000000000800152e                SysTick_Handler
 *fill*         0x000000000800153a        0x2 
 .text._sbrk    0x000000000800153c       0x6c ./Core/Src/sysmem.o
                0x000000000800153c                _sbrk
 .text.SystemInit
                0x00000000080015a8        0xc ./Core/Src/system_stm32f1xx.o
                0x00000000080015a8                SystemInit
 .text.Reset_Handler
                0x00000000080015b4       0x48 ./Core/Startup/startup_stm32f103c6tx.o
                0x00000000080015b4                Reset_Handler
 .text.Default_Handler
                0x00000000080015fc        0x2 ./Core/Startup/startup_stm32f103c6tx.o
                0x00000000080015fc                RTC_Alarm_IRQHandler
                0x00000000080015fc                EXTI2_IRQHandler
                0x00000000080015fc                TIM1_CC_IRQHandler
                0x00000000080015fc                PVD_IRQHandler
                0x00000000080015fc                EXTI3_IRQHandler
                0x00000000080015fc                EXTI0_IRQHandler
                0x00000000080015fc                ADC1_2_IRQHandler
                0x00000000080015fc                SPI1_IRQHandler
                0x00000000080015fc                TAMPER_IRQHandler
                0x00000000080015fc                DMA1_Channel4_IRQHandler
                0x00000000080015fc                RTC_IRQHandler
                0x00000000080015fc                DMA1_Channel7_IRQHandler
                0x00000000080015fc                CAN1_RX1_IRQHandler
                0x00000000080015fc                I2C1_EV_IRQHandler
                0x00000000080015fc                DMA1_Channel6_IRQHandler
                0x00000000080015fc                TIM3_IRQHandler
                0x00000000080015fc                RCC_IRQHandler
                0x00000000080015fc                TIM1_TRG_COM_IRQHandler
                0x00000000080015fc                DMA1_Channel1_IRQHandler
                0x00000000080015fc                Default_Handler
                0x00000000080015fc                EXTI15_10_IRQHandler
                0x00000000080015fc                EXTI9_5_IRQHandler
                0x00000000080015fc                DMA1_Channel5_IRQHandler
                0x00000000080015fc                EXTI4_IRQHandler
                0x00000000080015fc                USB_LP_CAN1_RX0_IRQHandler
                0x00000000080015fc                USB_HP_CAN1_TX_IRQHandler
                0x00000000080015fc                DMA1_Channel3_IRQHandler
                0x00000000080015fc                TIM1_UP_IRQHandler
                0x00000000080015fc                WWDG_IRQHandler
                0x00000000080015fc                TIM2_IRQHandler
                0x00000000080015fc                TIM1_BRK_IRQHandler
                0x00000000080015fc                EXTI1_IRQHandler
                0x00000000080015fc                USART2_IRQHandler
                0x00000000080015fc                DMA1_Channel2_IRQHandler
                0x00000000080015fc                CAN1_SCE_IRQHandler
                0x00000000080015fc                FLASH_IRQHandler
                0x00000000080015fc                USART1_IRQHandler
                0x00000000080015fc                I2C1_ER_IRQHandler
                0x00000000080015fc                USBWakeUp_IRQHandler
 *fill*         0x00000000080015fe        0x2 
 .text.HAL_Init
                0x0000000008001600       0x2c ./Drivers/STM32F1xx_HAL_Driver/Src/stm32f1xx_hal.o
                0x0000000008001600                HAL_Init
 .text.HAL_InitTick
                0x000000000800162c       0x60 ./Drivers/STM32F1xx_HAL_Driver/Src/stm32f1xx_hal.o
                0x000000000800162c                HAL_InitTick
 .text.HAL_IncTick
                0x000000000800168c       0x24 ./Drivers/STM32F1xx_HAL_Driver/Src/stm32f1xx_hal.o
                0x000000000800168c                HAL_IncTick
 .text.HAL_GetTick
                0x00000000080016b0       0x14 ./Drivers/STM32F1xx_HAL_Driver/Src/stm32f1xx_hal.o
                0x00000000080016b0                HAL_GetTick
 .text.HAL_Delay
                0x00000000080016c4       0x48 ./Drivers/STM32F1xx_HAL_Driver/Src/stm32f1xx_hal.o
                0x00000000080016c4                HAL_Delay
 .text.HAL_ADC_Init
                0x000000000800170c      0x1b0 ./Drivers/STM32F1xx_HAL_Driver/Src/stm32f1xx_hal_adc.o
                0x000000000800170c                HAL_ADC_Init
 .text.HAL_ADC_Start
                0x00000000080018bc      0x15c ./Drivers/STM32F1xx_HAL_Driver/Src/stm32f1xx_hal_adc.o
                0x00000000080018bc                HAL_ADC_Start
 .text.HAL_ADC_GetValue
                0x0000000008001a18       0x18 ./Drivers/STM32F1xx_HAL_Driver/Src/stm32f1xx_hal_adc.o
                0x0000000008001a18                HAL_ADC_GetValue
 .text.HAL_ADC_ConfigChannel
                0x0000000008001a30      0x1f0 ./Drivers/STM32F1xx_HAL_Driver/Src/stm32f1xx_hal_adc.o
                0x0000000008001a30                HAL_ADC_ConfigChannel
 .text.ADC_Enable
                0x0000000008001c20       0xb4 ./Drivers/STM32F1xx_HAL_Driver/Src/stm32f1xx_hal_adc.o
                0x0000000008001c20                ADC_Enable
 .text.ADC_ConversionStop_Disable
                0x0000000008001cd4       0x82 ./Drivers/STM32F1xx_HAL_Driver/Src/stm32f1xx_hal_adc.o
                0x0000000008001cd4                ADC_ConversionStop_Disable
 *fill*         0x0000000008001d56        0x2 
 .text.__NVIC_SetPriorityGrouping
                0x0000000008001d58       0x48 ./Drivers/STM32F1xx_HAL_Driver/Src/stm32f1xx_hal_cortex.o
 .text.__NVIC_GetPriorityGrouping
                0x0000000008001da0       0x1c ./Drivers/STM32F1xx_HAL_Driver/Src/stm32f1xx_hal_cortex.o
 .text.__NVIC_SetPriority
                0x0000000008001dbc       0x54 ./Drivers/STM32F1xx_HAL_Driver/Src/stm32f1xx_hal_cortex.o
 .text.NVIC_EncodePriority
                0x0000000008001e10       0x64 ./Drivers/STM32F1xx_HAL_Driver/Src/stm32f1xx_hal_cortex.o
 .text.SysTick_Config
                0x0000000008001e74       0x44 ./Drivers/STM32F1xx_HAL_Driver/Src/stm32f1xx_hal_cortex.o
 .text.HAL_NVIC_SetPriorityGrouping
                0x0000000008001eb8       0x16 ./Drivers/STM32F1xx_HAL_Driver/Src/stm32f1xx_hal_cortex.o
                0x0000000008001eb8                HAL_NVIC_SetPriorityGrouping
 .text.HAL_NVIC_SetPriority
                0x0000000008001ece       0x38 ./Drivers/STM32F1xx_HAL_Driver/Src/stm32f1xx_hal_cortex.o
                0x0000000008001ece                HAL_NVIC_SetPriority
 .text.HAL_SYSTICK_Config
                0x0000000008001f06       0x18 ./Drivers/STM32F1xx_HAL_Driver/Src/stm32f1xx_hal_cortex.o
                0x0000000008001f06                HAL_SYSTICK_Config
 *fill*         0x0000000008001f1e        0x2 
 .text.HAL_GPIO_Init
                0x0000000008001f20      0x2f4 ./Drivers/STM32F1xx_HAL_Driver/Src/stm32f1xx_hal_gpio.o
                0x0000000008001f20                HAL_GPIO_Init
 .text.HAL_GPIO_WritePin
                0x0000000008002214       0x30 ./Drivers/STM32F1xx_HAL_Driver/Src/stm32f1xx_hal_gpio.o
                0x0000000008002214                HAL_GPIO_WritePin
 .text.HAL_RCC_OscConfig
                0x0000000008002244      0x500 ./Drivers/STM32F1xx_HAL_Driver/Src/stm32f1xx_hal_rcc.o
                0x0000000008002244                HAL_RCC_OscConfig
 .text.HAL_RCC_ClockConfig
                0x0000000008002744      0x1d4 ./Drivers/STM32F1xx_HAL_Driver/Src/stm32f1xx_hal_rcc.o
                0x0000000008002744                HAL_RCC_ClockConfig
 .text.HAL_RCC_GetSysClockFreq
                0x0000000008002918       0xc0 ./Drivers/STM32F1xx_HAL_Driver/Src/stm32f1xx_hal_rcc.o
                0x0000000008002918                HAL_RCC_GetSysClockFreq
 .text.HAL_RCC_GetHCLKFreq
                0x00000000080029d8       0x14 ./Drivers/STM32F1xx_HAL_Driver/Src/stm32f1xx_hal_rcc.o
                0x00000000080029d8                HAL_RCC_GetHCLKFreq
 .text.HAL_RCC_GetPCLK1Freq
                0x00000000080029ec       0x28 ./Drivers/STM32F1xx_HAL_Driver/Src/stm32f1xx_hal_rcc.o
                0x00000000080029ec                HAL_RCC_GetPCLK1Freq
 .text.RCC_Delay
                0x0000000008002a14       0x3c ./Drivers/STM32F1xx_HAL_Driver/Src/stm32f1xx_hal_rcc.o
 .text.HAL_RCCEx_PeriphCLKConfig
                0x0000000008002a50      0x16c ./Drivers/STM32F1xx_HAL_Driver/Src/stm32f1xx_hal_rcc_ex.o
                0x0000000008002a50                HAL_RCCEx_PeriphCLKConfig
 .text.HAL_TIM_Base_Init
                0x0000000008002bbc       0x9e ./Drivers/STM32F1xx_HAL_Driver/Src/stm32f1xx_hal_tim.o
                0x0000000008002bbc                HAL_TIM_Base_Init
 .text.HAL_TIM_PWM_Init
                0x0000000008002c5a       0x9e ./Drivers/STM32F1xx_HAL_Driver/Src/stm32f1xx_hal_tim.o
                0x0000000008002c5a                HAL_TIM_PWM_Init
 .text.HAL_TIM_PWM_MspInit
                0x0000000008002cf8       0x12 ./Drivers/STM32F1xx_HAL_Driver/Src/stm32f1xx_hal_tim.o
                0x0000000008002cf8                HAL_TIM_PWM_MspInit
 *fill*         0x0000000008002d0a        0x2 
 .text.HAL_TIM_PWM_Start
                0x0000000008002d0c      0x138 ./Drivers/STM32F1xx_HAL_Driver/Src/stm32f1xx_hal_tim.o
                0x0000000008002d0c                HAL_TIM_PWM_Start
 .text.HAL_TIM_PWM_ConfigChannel
                0x0000000008002e44      0x17c ./Drivers/STM32F1xx_HAL_Driver/Src/stm32f1xx_hal_tim.o
                0x0000000008002e44                HAL_TIM_PWM_ConfigChannel
 .text.HAL_TIM_ConfigClockSource
                0x0000000008002fc0      0x188 ./Drivers/STM32F1xx_HAL_Driver/Src/stm32f1xx_hal_tim.o
                0x0000000008002fc0                HAL_TIM_ConfigClockSource
 .text.TIM_Base_SetConfig
                0x0000000008003148       0xb0 ./Drivers/STM32F1xx_HAL_Driver/Src/stm32f1xx_hal_tim.o
                0x0000000008003148                TIM_Base_SetConfig
 .text.TIM_OC1_SetConfig
                0x00000000080031f8       0xcc ./Drivers/STM32F1xx_HAL_Driver/Src/stm32f1xx_hal_tim.o
 .text.TIM_OC2_SetConfig
                0x00000000080032c4       0xd4 ./Drivers/STM32F1xx_HAL_Driver/Src/stm32f1xx_hal_tim.o
                0x00000000080032c4                TIM_OC2_SetConfig
 .text.TIM_OC3_SetConfig
                0x0000000008003398       0xd4 ./Drivers/STM32F1xx_HAL_Driver/Src/stm32f1xx_hal_tim.o
 .text.TIM_OC4_SetConfig
                0x000000000800346c       0x9c ./Drivers/STM32F1xx_HAL_Driver/Src/stm32f1xx_hal_tim.o
 .text.TIM_TI1_ConfigInputStage
                0x0000000008003508       0x5c ./Drivers/STM32F1xx_HAL_Driver/Src/stm32f1xx_hal_tim.o
 .text.TIM_TI2_ConfigInputStage
                0x0000000008003564       0x5e ./Drivers/STM32F1xx_HAL_Driver/Src/stm32f1xx_hal_tim.o
 .text.TIM_ITRx_SetConfig
                0x00000000080035c2       0x34 ./Drivers/STM32F1xx_HAL_Driver/Src/stm32f1xx_hal_tim.o
 .text.TIM_ETR_SetConfig
                0x00000000080035f6       0x3e ./Drivers/STM32F1xx_HAL_Driver/Src/stm32f1xx_hal_tim.o
                0x00000000080035f6                TIM_ETR_SetConfig
 .text.TIM_CCxChannelCmd
                0x0000000008003634       0x48 ./Drivers/STM32F1xx_HAL_Driver/Src/stm32f1xx_hal_tim.o
                0x0000000008003634                TIM_CCxChannelCmd
 .text.HAL_TIMEx_MasterConfigSynchronization
                0x000000000800367c       0xb0 ./Drivers/STM32F1xx_HAL_Driver/Src/stm32f1xx_hal_tim_ex.o
                0x000000000800367c                HAL_TIMEx_MasterConfigSynchronization
 .text.__errno  0x000000000800372c        0xc c:/st/stm32cubeide_1.7.0/stm32cubeide/plugins/com.st.stm32cube.ide.mcu.externaltools.gnu-tools-for-stm32.9-2020-q2-update.win32_2.0.0.202105311346/tools/bin/../lib/gcc/arm-none-eabi/9.3.1/../../../../arm-none-eabi/lib/thumb/v7-m/nofp\libc_nano.a(lib_a-errno.o)
                0x000000000800372c                __errno
 .text.__libc_init_array
                0x0000000008003738       0x48 c:/st/stm32cubeide_1.7.0/stm32cubeide/plugins/com.st.stm32cube.ide.mcu.externaltools.gnu-tools-for-stm32.9-2020-q2-update.win32_2.0.0.202105311346/tools/bin/../lib/gcc/arm-none-eabi/9.3.1/../../../../arm-none-eabi/lib/thumb/v7-m/nofp\libc_nano.a(lib_a-init.o)
                0x0000000008003738                __libc_init_array
 .text.memset   0x0000000008003780       0x10 c:/st/stm32cubeide_1.7.0/stm32cubeide/plugins/com.st.stm32cube.ide.mcu.externaltools.gnu-tools-for-stm32.9-2020-q2-update.win32_2.0.0.202105311346/tools/bin/../lib/gcc/arm-none-eabi/9.3.1/../../../../arm-none-eabi/lib/thumb/v7-m/nofp\libc_nano.a(lib_a-memset.o)
                0x0000000008003780                memset
 .text.sprintf  0x0000000008003790       0x40 c:/st/stm32cubeide_1.7.0/stm32cubeide/plugins/com.st.stm32cube.ide.mcu.externaltools.gnu-tools-for-stm32.9-2020-q2-update.win32_2.0.0.202105311346/tools/bin/../lib/gcc/arm-none-eabi/9.3.1/../../../../arm-none-eabi/lib/thumb/v7-m/nofp\libc_nano.a(lib_a-sprintf.o)
                0x0000000008003790                siprintf
                0x0000000008003790                sprintf
 .text.__ssputs_r
                0x00000000080037d0       0xb6 c:/st/stm32cubeide_1.7.0/stm32cubeide/plugins/com.st.stm32cube.ide.mcu.externaltools.gnu-tools-for-stm32.9-2020-q2-update.win32_2.0.0.202105311346/tools/bin/../lib/gcc/arm-none-eabi/9.3.1/../../../../arm-none-eabi/lib/thumb/v7-m/nofp\libc_nano.a(lib_a-nano-svfprintf.o)
                0x00000000080037d0                __ssputs_r
 *fill*         0x0000000008003886        0x2 
 .text._svfprintf_r
                0x0000000008003888      0x200 c:/st/stm32cubeide_1.7.0/stm32cubeide/plugins/com.st.stm32cube.ide.mcu.externaltools.gnu-tools-for-stm32.9-2020-q2-update.win32_2.0.0.202105311346/tools/bin/../lib/gcc/arm-none-eabi/9.3.1/../../../../arm-none-eabi/lib/thumb/v7-m/nofp\libc_nano.a(lib_a-nano-svfprintf.o)
                0x0000000008003888                _svfiprintf_r
                0x0000000008003888                _svfprintf_r
 .text._printf_common
                0x0000000008003a88       0xde c:/st/stm32cubeide_1.7.0/stm32cubeide/plugins/com.st.stm32cube.ide.mcu.externaltools.gnu-tools-for-stm32.9-2020-q2-update.win32_2.0.0.202105311346/tools/bin/../lib/gcc/arm-none-eabi/9.3.1/../../../../arm-none-eabi/lib/thumb/v7-m/nofp\libc_nano.a(lib_a-nano-vfprintf_i.o)
                0x0000000008003a88                _printf_common
 *fill*         0x0000000008003b66        0x2 
 .text._printf_i
                0x0000000008003b68      0x24c c:/st/stm32cubeide_1.7.0/stm32cubeide/plugins/com.st.stm32cube.ide.mcu.externaltools.gnu-tools-for-stm32.9-2020-q2-update.win32_2.0.0.202105311346/tools/bin/../lib/gcc/arm-none-eabi/9.3.1/../../../../arm-none-eabi/lib/thumb/v7-m/nofp\libc_nano.a(lib_a-nano-vfprintf_i.o)
                0x0000000008003b68                _printf_i
 .text.memchr   0x0000000008003db4       0x1c c:/st/stm32cubeide_1.7.0/stm32cubeide/plugins/com.st.stm32cube.ide.mcu.externaltools.gnu-tools-for-stm32.9-2020-q2-update.win32_2.0.0.202105311346/tools/bin/../lib/gcc/arm-none-eabi/9.3.1/../../../../arm-none-eabi/lib/thumb/v7-m/nofp\libc_nano.a(lib_a-memchr-stub.o)
                0x0000000008003db4                memchr
 .text.memcpy   0x0000000008003dd0       0x1c c:/st/stm32cubeide_1.7.0/stm32cubeide/plugins/com.st.stm32cube.ide.mcu.externaltools.gnu-tools-for-stm32.9-2020-q2-update.win32_2.0.0.202105311346/tools/bin/../lib/gcc/arm-none-eabi/9.3.1/../../../../arm-none-eabi/lib/thumb/v7-m/nofp\libc_nano.a(lib_a-memcpy-stub.o)
                0x0000000008003dd0                memcpy
 .text.memmove  0x0000000008003dec       0x34 c:/st/stm32cubeide_1.7.0/stm32cubeide/plugins/com.st.stm32cube.ide.mcu.externaltools.gnu-tools-for-stm32.9-2020-q2-update.win32_2.0.0.202105311346/tools/bin/../lib/gcc/arm-none-eabi/9.3.1/../../../../arm-none-eabi/lib/thumb/v7-m/nofp\libc_nano.a(lib_a-memmove.o)
                0x0000000008003dec                memmove
 .text._free_r  0x0000000008003e20       0x98 c:/st/stm32cubeide_1.7.0/stm32cubeide/plugins/com.st.stm32cube.ide.mcu.externaltools.gnu-tools-for-stm32.9-2020-q2-update.win32_2.0.0.202105311346/tools/bin/../lib/gcc/arm-none-eabi/9.3.1/../../../../arm-none-eabi/lib/thumb/v7-m/nofp\libc_nano.a(lib_a-nano-freer.o)
                0x0000000008003e20                _free_r
 .text._malloc_r
                0x0000000008003eb8       0xb4 c:/st/stm32cubeide_1.7.0/stm32cubeide/plugins/com.st.stm32cube.ide.mcu.externaltools.gnu-tools-for-stm32.9-2020-q2-update.win32_2.0.0.202105311346/tools/bin/../lib/gcc/arm-none-eabi/9.3.1/../../../../arm-none-eabi/lib/thumb/v7-m/nofp\libc_nano.a(lib_a-nano-mallocr.o)
                0x0000000008003eb8                _malloc_r
 .text._realloc_r
                0x0000000008003f6c       0x4c c:/st/stm32cubeide_1.7.0/stm32cubeide/plugins/com.st.stm32cube.ide.mcu.externaltools.gnu-tools-for-stm32.9-2020-q2-update.win32_2.0.0.202105311346/tools/bin/../lib/gcc/arm-none-eabi/9.3.1/../../../../arm-none-eabi/lib/thumb/v7-m/nofp\libc_nano.a(lib_a-nano-reallocr.o)
                0x0000000008003f6c                _realloc_r
 .text._sbrk_r  0x0000000008003fb8       0x20 c:/st/stm32cubeide_1.7.0/stm32cubeide/plugins/com.st.stm32cube.ide.mcu.externaltools.gnu-tools-for-stm32.9-2020-q2-update.win32_2.0.0.202105311346/tools/bin/../lib/gcc/arm-none-eabi/9.3.1/../../../../arm-none-eabi/lib/thumb/v7-m/nofp\libc_nano.a(lib_a-sbrkr.o)
                0x0000000008003fb8                _sbrk_r
 .text.__malloc_lock
                0x0000000008003fd8        0xc c:/st/stm32cubeide_1.7.0/stm32cubeide/plugins/com.st.stm32cube.ide.mcu.externaltools.gnu-tools-for-stm32.9-2020-q2-update.win32_2.0.0.202105311346/tools/bin/../lib/gcc/arm-none-eabi/9.3.1/../../../../arm-none-eabi/lib/thumb/v7-m/nofp\libc_nano.a(lib_a-mlock.o)
                0x0000000008003fd8                __malloc_lock
 .text.__malloc_unlock
                0x0000000008003fe4        0xc c:/st/stm32cubeide_1.7.0/stm32cubeide/plugins/com.st.stm32cube.ide.mcu.externaltools.gnu-tools-for-stm32.9-2020-q2-update.win32_2.0.0.202105311346/tools/bin/../lib/gcc/arm-none-eabi/9.3.1/../../../../arm-none-eabi/lib/thumb/v7-m/nofp\libc_nano.a(lib_a-mlock.o)
                0x0000000008003fe4                __malloc_unlock
 .text._malloc_usable_size_r
                0x0000000008003ff0       0x10 c:/st/stm32cubeide_1.7.0/stm32cubeide/plugins/com.st.stm32cube.ide.mcu.externaltools.gnu-tools-for-stm32.9-2020-q2-update.win32_2.0.0.202105311346/tools/bin/../lib/gcc/arm-none-eabi/9.3.1/../../../../arm-none-eabi/lib/thumb/v7-m/nofp\libc_nano.a(lib_a-nano-msizer.o)
                0x0000000008003ff0                _malloc_usable_size_r
 .text.__retarget_lock_acquire_recursive
                0x0000000008004000        0x2 c:/st/stm32cubeide_1.7.0/stm32cubeide/plugins/com.st.stm32cube.ide.mcu.externaltools.gnu-tools-for-stm32.9-2020-q2-update.win32_2.0.0.202105311346/tools/bin/../lib/gcc/arm-none-eabi/9.3.1/../../../../arm-none-eabi/lib/thumb/v7-m/nofp\libc_nano.a(lib_a-lock.o)
                0x0000000008004000                __retarget_lock_acquire_recursive
 .text.__retarget_lock_release_recursive
                0x0000000008004002        0x2 c:/st/stm32cubeide_1.7.0/stm32cubeide/plugins/com.st.stm32cube.ide.mcu.externaltools.gnu-tools-for-stm32.9-2020-q2-update.win32_2.0.0.202105311346/tools/bin/../lib/gcc/arm-none-eabi/9.3.1/../../../../arm-none-eabi/lib/thumb/v7-m/nofp\libc_nano.a(lib_a-lock.o)
                0x0000000008004002                __retarget_lock_release_recursive
 *(.glue_7)
 .glue_7        0x0000000008004004        0x0 linker stubs
 *(.glue_7t)
 .glue_7t       0x0000000008004004        0x0 linker stubs
 *(.eh_frame)
 .eh_frame      0x0000000008004004        0x0 c:/st/stm32cubeide_1.7.0/stm32cubeide/plugins/com.st.stm32cube.ide.mcu.externaltools.gnu-tools-for-stm32.9-2020-q2-update.win32_2.0.0.202105311346/tools/bin/../lib/gcc/arm-none-eabi/9.3.1/thumb/v7-m/nofp/crtbegin.o
 *(.init)
 .init          0x0000000008004004        0x4 c:/st/stm32cubeide_1.7.0/stm32cubeide/plugins/com.st.stm32cube.ide.mcu.externaltools.gnu-tools-for-stm32.9-2020-q2-update.win32_2.0.0.202105311346/tools/bin/../lib/gcc/arm-none-eabi/9.3.1/thumb/v7-m/nofp/crti.o
                0x0000000008004004                _init
 .init          0x0000000008004008        0x8 c:/st/stm32cubeide_1.7.0/stm32cubeide/plugins/com.st.stm32cube.ide.mcu.externaltools.gnu-tools-for-stm32.9-2020-q2-update.win32_2.0.0.202105311346/tools/bin/../lib/gcc/arm-none-eabi/9.3.1/thumb/v7-m/nofp/crtn.o
 *(.fini)
 .fini          0x0000000008004010        0x4 c:/st/stm32cubeide_1.7.0/stm32cubeide/plugins/com.st.stm32cube.ide.mcu.externaltools.gnu-tools-for-stm32.9-2020-q2-update.win32_2.0.0.202105311346/tools/bin/../lib/gcc/arm-none-eabi/9.3.1/thumb/v7-m/nofp/crti.o
                0x0000000008004010                _fini
 .fini          0x0000000008004014        0x8 c:/st/stm32cubeide_1.7.0/stm32cubeide/plugins/com.st.stm32cube.ide.mcu.externaltools.gnu-tools-for-stm32.9-2020-q2-update.win32_2.0.0.202105311346/tools/bin/../lib/gcc/arm-none-eabi/9.3.1/thumb/v7-m/nofp/crtn.o
                0x000000000800401c                . = ALIGN (0x4)
                0x000000000800401c                _etext = .

.vfp11_veneer   0x000000000800401c        0x0
 .vfp11_veneer  0x000000000800401c        0x0 linker stubs

.v4_bx          0x000000000800401c        0x0
 .v4_bx         0x000000000800401c        0x0 linker stubs

.iplt           0x000000000800401c        0x0
 .iplt          0x000000000800401c        0x0 c:/st/stm32cubeide_1.7.0/stm32cubeide/plugins/com.st.stm32cube.ide.mcu.externaltools.gnu-tools-for-stm32.9-2020-q2-update.win32_2.0.0.202105311346/tools/bin/../lib/gcc/arm-none-eabi/9.3.1/thumb/v7-m/nofp/crtbegin.o

.rodata         0x000000000800401c       0x80
                0x000000000800401c                . = ALIGN (0x4)
 *(.rodata)
 .rodata        0x000000000800401c       0x24 ./Core/Src/lcd_16x2.o
 .rodata        0x0000000008004040       0x10 ./Drivers/STM32F1xx_HAL_Driver/Src/stm32f1xx_hal_rcc.o
 *(.rodata*)
 .rodata.AHBPrescTable
                0x0000000008004050       0x10 ./Core/Src/system_stm32f1xx.o
                0x0000000008004050                AHBPrescTable
 .rodata.APBPrescTable
                0x0000000008004060        0x8 ./Core/Src/system_stm32f1xx.o
                0x0000000008004060                APBPrescTable
 .rodata._svfprintf_r.str1.1
                0x0000000008004068       0x11 c:/st/stm32cubeide_1.7.0/stm32cubeide/plugins/com.st.stm32cube.ide.mcu.externaltools.gnu-tools-for-stm32.9-2020-q2-update.win32_2.0.0.202105311346/tools/bin/../lib/gcc/arm-none-eabi/9.3.1/../../../../arm-none-eabi/lib/thumb/v7-m/nofp\libc_nano.a(lib_a-nano-svfprintf.o)
 .rodata._printf_i.str1.1
                0x0000000008004079       0x22 c:/st/stm32cubeide_1.7.0/stm32cubeide/plugins/com.st.stm32cube.ide.mcu.externaltools.gnu-tools-for-stm32.9-2020-q2-update.win32_2.0.0.202105311346/tools/bin/../lib/gcc/arm-none-eabi/9.3.1/../../../../arm-none-eabi/lib/thumb/v7-m/nofp\libc_nano.a(lib_a-nano-vfprintf_i.o)
                0x000000000800409c                . = ALIGN (0x4)
 *fill*         0x000000000800409b        0x1 

.rel.dyn        0x000000000800409c        0x0
 .rel.iplt      0x000000000800409c        0x0 c:/st/stm32cubeide_1.7.0/stm32cubeide/plugins/com.st.stm32cube.ide.mcu.externaltools.gnu-tools-for-stm32.9-2020-q2-update.win32_2.0.0.202105311346/tools/bin/../lib/gcc/arm-none-eabi/9.3.1/thumb/v7-m/nofp/crtbegin.o

.ARM.extab      0x000000000800409c        0x0
                0x000000000800409c                . = ALIGN (0x4)
 *(.ARM.extab* .gnu.linkonce.armextab.*)
                0x000000000800409c                . = ALIGN (0x4)

.ARM            0x000000000800409c        0x0
                0x000000000800409c                . = ALIGN (0x4)
                0x000000000800409c                __exidx_start = .
 *(.ARM.exidx*)
                0x000000000800409c                __exidx_end = .
                0x000000000800409c                . = ALIGN (0x4)

.preinit_array  0x000000000800409c        0x0
                0x000000000800409c                . = ALIGN (0x4)
                0x000000000800409c                PROVIDE (__preinit_array_start = .)
 *(.preinit_array*)
                0x000000000800409c                PROVIDE (__preinit_array_end = .)
                0x000000000800409c                . = ALIGN (0x4)

.init_array     0x000000000800409c        0x4
                0x000000000800409c                . = ALIGN (0x4)
                0x000000000800409c                PROVIDE (__init_array_start = .)
 *(SORT_BY_NAME(.init_array.*))
 *(.init_array*)
 .init_array    0x000000000800409c        0x4 c:/st/stm32cubeide_1.7.0/stm32cubeide/plugins/com.st.stm32cube.ide.mcu.externaltools.gnu-tools-for-stm32.9-2020-q2-update.win32_2.0.0.202105311346/tools/bin/../lib/gcc/arm-none-eabi/9.3.1/thumb/v7-m/nofp/crtbegin.o
                0x00000000080040a0                PROVIDE (__init_array_end = .)
                0x00000000080040a0                . = ALIGN (0x4)

.fini_array     0x00000000080040a0        0x4
                0x00000000080040a0                . = ALIGN (0x4)
                [!provide]                        PROVIDE (__fini_array_start = .)
 *(SORT_BY_NAME(.fini_array.*))
 *(.fini_array*)
 .fini_array    0x00000000080040a0        0x4 c:/st/stm32cubeide_1.7.0/stm32cubeide/plugins/com.st.stm32cube.ide.mcu.externaltools.gnu-tools-for-stm32.9-2020-q2-update.win32_2.0.0.202105311346/tools/bin/../lib/gcc/arm-none-eabi/9.3.1/thumb/v7-m/nofp/crtbegin.o
                [!provide]                        PROVIDE (__fini_array_end = .)
                0x00000000080040a4                . = ALIGN (0x4)
                0x00000000080040a4                _sidata = LOADADDR (.data)

.data           0x0000000020000000       0x88 load address 0x00000000080040a4
                0x0000000020000000                . = ALIGN (0x4)
                0x0000000020000000                _sdata = .
 *(.data)
 *(.data*)
 .data.ports    0x0000000020000000       0x10 ./Core/Src/lcd_16x2.o
                0x0000000020000000                ports
 .data.pins     0x0000000020000010        0x8 ./Core/Src/lcd_16x2.o
                0x0000000020000010                pins
 .data.SystemCoreClock
                0x0000000020000018        0x4 ./Core/Src/system_stm32f1xx.o
                0x0000000020000018                SystemCoreClock
 .data.uwTickPrio
                0x000000002000001c        0x4 ./Drivers/STM32F1xx_HAL_Driver/Src/stm32f1xx_hal.o
                0x000000002000001c                uwTickPrio
 .data.uwTickFreq
                0x0000000020000020        0x1 ./Drivers/STM32F1xx_HAL_Driver/Src/stm32f1xx_hal.o
                0x0000000020000020                uwTickFreq
 *fill*         0x0000000020000021        0x3 
 .data._impure_ptr
                0x0000000020000024        0x4 c:/st/stm32cubeide_1.7.0/stm32cubeide/plugins/com.st.stm32cube.ide.mcu.externaltools.gnu-tools-for-stm32.9-2020-q2-update.win32_2.0.0.202105311346/tools/bin/../lib/gcc/arm-none-eabi/9.3.1/../../../../arm-none-eabi/lib/thumb/v7-m/nofp\libc_nano.a(lib_a-impure.o)
                0x0000000020000024                _impure_ptr
 .data.impure_data
                0x0000000020000028       0x60 c:/st/stm32cubeide_1.7.0/stm32cubeide/plugins/com.st.stm32cube.ide.mcu.externaltools.gnu-tools-for-stm32.9-2020-q2-update.win32_2.0.0.202105311346/tools/bin/../lib/gcc/arm-none-eabi/9.3.1/../../../../arm-none-eabi/lib/thumb/v7-m/nofp\libc_nano.a(lib_a-impure.o)
 *(.RamFunc)
 *(.RamFunc*)
                0x0000000020000088                . = ALIGN (0x4)
                0x0000000020000088                _edata = .

.igot.plt       0x0000000020000088        0x0 load address 0x000000000800412c
 .igot.plt      0x0000000020000088        0x0 c:/st/stm32cubeide_1.7.0/stm32cubeide/plugins/com.st.stm32cube.ide.mcu.externaltools.gnu-tools-for-stm32.9-2020-q2-update.win32_2.0.0.202105311346/tools/bin/../lib/gcc/arm-none-eabi/9.3.1/thumb/v7-m/nofp/crtbegin.o
                0x0000000020000088                . = ALIGN (0x4)

.bss            0x0000000020000088       0xb4 load address 0x000000000800412c
                0x0000000020000088                _sbss = .
                0x0000000020000088                __bss_start__ = _sbss
 *(.bss)
 .bss           0x0000000020000088       0x1c c:/st/stm32cubeide_1.7.0/stm32cubeide/plugins/com.st.stm32cube.ide.mcu.externaltools.gnu-tools-for-stm32.9-2020-q2-update.win32_2.0.0.202105311346/tools/bin/../lib/gcc/arm-none-eabi/9.3.1/thumb/v7-m/nofp/crtbegin.o
 *(.bss*)
 .bss.__sbrk_heap_end
                0x00000000200000a4        0x4 ./Core/Src/sysmem.o
 .bss.__malloc_free_list
                0x00000000200000a8        0x4 c:/st/stm32cubeide_1.7.0/stm32cubeide/plugins/com.st.stm32cube.ide.mcu.externaltools.gnu-tools-for-stm32.9-2020-q2-update.win32_2.0.0.202105311346/tools/bin/../lib/gcc/arm-none-eabi/9.3.1/../../../../arm-none-eabi/lib/thumb/v7-m/nofp\libc_nano.a(lib_a-nano-mallocr.o)
                0x00000000200000a8                __malloc_free_list
 .bss.__malloc_sbrk_start
                0x00000000200000ac        0x4 c:/st/stm32cubeide_1.7.0/stm32cubeide/plugins/com.st.stm32cube.ide.mcu.externaltools.gnu-tools-for-stm32.9-2020-q2-update.win32_2.0.0.202105311346/tools/bin/../lib/gcc/arm-none-eabi/9.3.1/../../../../arm-none-eabi/lib/thumb/v7-m/nofp\libc_nano.a(lib_a-nano-mallocr.o)
                0x00000000200000ac                __malloc_sbrk_start
 *(COMMON)
 COMMON         0x00000000200000b0       0x78 ./Core/Src/main.o
                0x00000000200000b0                hadc1
                0x00000000200000e0                htim2
 COMMON         0x0000000020000128        0x4 ./Drivers/STM32F1xx_HAL_Driver/Src/stm32f1xx_hal.o
                0x0000000020000128                uwTick
 COMMON         0x000000002000012c        0x4 c:/st/stm32cubeide_1.7.0/stm32cubeide/plugins/com.st.stm32cube.ide.mcu.externaltools.gnu-tools-for-stm32.9-2020-q2-update.win32_2.0.0.202105311346/tools/bin/../lib/gcc/arm-none-eabi/9.3.1/../../../../arm-none-eabi/lib/thumb/v7-m/nofp\libc_nano.a(lib_a-reent.o)
                0x000000002000012c                errno
 COMMON         0x0000000020000130        0x9 c:/st/stm32cubeide_1.7.0/stm32cubeide/plugins/com.st.stm32cube.ide.mcu.externaltools.gnu-tools-for-stm32.9-2020-q2-update.win32_2.0.0.202105311346/tools/bin/../lib/gcc/arm-none-eabi/9.3.1/../../../../arm-none-eabi/lib/thumb/v7-m/nofp\libc_nano.a(lib_a-lock.o)
                0x0000000020000130                __lock___atexit_recursive_mutex
                0x0000000020000131                __lock___arc4random_mutex
                0x0000000020000132                __lock___env_recursive_mutex
                0x0000000020000133                __lock___sinit_recursive_mutex
                0x0000000020000134                __lock___malloc_recursive_mutex
                0x0000000020000135                __lock___at_quick_exit_mutex
                0x0000000020000136                __lock___dd_hash_mutex
                0x0000000020000137                __lock___tz_mutex
                0x0000000020000138                __lock___sfp_recursive_mutex
                0x000000002000013c                . = ALIGN (0x4)
 *fill*         0x0000000020000139        0x3 
                0x000000002000013c                _ebss = .
                0x000000002000013c                __bss_end__ = _ebss

._user_heap_stack
                0x000000002000013c      0x604 load address 0x000000000800412c
                0x0000000020000140                . = ALIGN (0x8)
 *fill*         0x000000002000013c        0x4 
                [!provide]                        PROVIDE (end = .)
                0x0000000020000140                PROVIDE (_end = .)
                0x0000000020000340                . = (. + _Min_Heap_Size)
 *fill*         0x0000000020000140      0x200 
                0x0000000020000740                . = (. + _Min_Stack_Size)
 *fill*         0x0000000020000340      0x400 
                0x0000000020000740                . = ALIGN (0x8)

/DISCARD/
 libc.a(*)
 libm.a(*)
 libgcc.a(*)

.ARM.attributes
                0x0000000000000000       0x29
 *(.ARM.attributes)
 .ARM.attributes
                0x0000000000000000       0x1d c:/st/stm32cubeide_1.7.0/stm32cubeide/plugins/com.st.stm32cube.ide.mcu.externaltools.gnu-tools-for-stm32.9-2020-q2-update.win32_2.0.0.202105311346/tools/bin/../lib/gcc/arm-none-eabi/9.3.1/thumb/v7-m/nofp/crti.o
 .ARM.attributes
                0x000000000000001d       0x2d c:/st/stm32cubeide_1.7.0/stm32cubeide/plugins/com.st.stm32cube.ide.mcu.externaltools.gnu-tools-for-stm32.9-2020-q2-update.win32_2.0.0.202105311346/tools/bin/../lib/gcc/arm-none-eabi/9.3.1/thumb/v7-m/nofp/crtbegin.o
 .ARM.attributes
                0x000000000000004a       0x2d ./Core/Src/lcd_16x2.o
 .ARM.attributes
                0x0000000000000077       0x2d ./Core/Src/main.o
 .ARM.attributes
                0x00000000000000a4       0x2d ./Core/Src/stm32f1xx_hal_msp.o
 .ARM.attributes
                0x00000000000000d1       0x2d ./Core/Src/stm32f1xx_it.o
 .ARM.attributes
                0x00000000000000fe       0x2d ./Core/Src/sysmem.o
 .ARM.attributes
                0x000000000000012b       0x2d ./Core/Src/system_stm32f1xx.o
 .ARM.attributes
                0x0000000000000158       0x21 ./Core/Startup/startup_stm32f103c6tx.o
 .ARM.attributes
                0x0000000000000179       0x2d ./Drivers/STM32F1xx_HAL_Driver/Src/stm32f1xx_hal.o
 .ARM.attributes
                0x00000000000001a6       0x2d ./Drivers/STM32F1xx_HAL_Driver/Src/stm32f1xx_hal_adc.o
 .ARM.attributes
                0x00000000000001d3       0x2d ./Drivers/STM32F1xx_HAL_Driver/Src/stm32f1xx_hal_cortex.o
 .ARM.attributes
                0x0000000000000200       0x2d ./Drivers/STM32F1xx_HAL_Driver/Src/stm32f1xx_hal_gpio.o
 .ARM.attributes
                0x000000000000022d       0x2d ./Drivers/STM32F1xx_HAL_Driver/Src/stm32f1xx_hal_rcc.o
 .ARM.attributes
                0x000000000000025a       0x2d ./Drivers/STM32F1xx_HAL_Driver/Src/stm32f1xx_hal_rcc_ex.o
 .ARM.attributes
                0x0000000000000287       0x2d ./Drivers/STM32F1xx_HAL_Driver/Src/stm32f1xx_hal_tim.o
 .ARM.attributes
                0x00000000000002b4       0x2d ./Drivers/STM32F1xx_HAL_Driver/Src/stm32f1xx_hal_tim_ex.o
 .ARM.attributes
                0x00000000000002e1       0x2d c:/st/stm32cubeide_1.7.0/stm32cubeide/plugins/com.st.stm32cube.ide.mcu.externaltools.gnu-tools-for-stm32.9-2020-q2-update.win32_2.0.0.202105311346/tools/bin/../lib/gcc/arm-none-eabi/9.3.1/../../../../arm-none-eabi/lib/thumb/v7-m/nofp\libc_nano.a(lib_a-errno.o)
 .ARM.attributes
                0x000000000000030e       0x2d c:/st/stm32cubeide_1.7.0/stm32cubeide/plugins/com.st.stm32cube.ide.mcu.externaltools.gnu-tools-for-stm32.9-2020-q2-update.win32_2.0.0.202105311346/tools/bin/../lib/gcc/arm-none-eabi/9.3.1/../../../../arm-none-eabi/lib/thumb/v7-m/nofp\libc_nano.a(lib_a-impure.o)
 .ARM.attributes
                0x000000000000033b       0x2d c:/st/stm32cubeide_1.7.0/stm32cubeide/plugins/com.st.stm32cube.ide.mcu.externaltools.gnu-tools-for-stm32.9-2020-q2-update.win32_2.0.0.202105311346/tools/bin/../lib/gcc/arm-none-eabi/9.3.1/../../../../arm-none-eabi/lib/thumb/v7-m/nofp\libc_nano.a(lib_a-init.o)
 .ARM.attributes
                0x0000000000000368       0x2d c:/st/stm32cubeide_1.7.0/stm32cubeide/plugins/com.st.stm32cube.ide.mcu.externaltools.gnu-tools-for-stm32.9-2020-q2-update.win32_2.0.0.202105311346/tools/bin/../lib/gcc/arm-none-eabi/9.3.1/../../../../arm-none-eabi/lib/thumb/v7-m/nofp\libc_nano.a(lib_a-memset.o)
 .ARM.attributes
                0x0000000000000395       0x2d c:/st/stm32cubeide_1.7.0/stm32cubeide/plugins/com.st.stm32cube.ide.mcu.externaltools.gnu-tools-for-stm32.9-2020-q2-update.win32_2.0.0.202105311346/tools/bin/../lib/gcc/arm-none-eabi/9.3.1/../../../../arm-none-eabi/lib/thumb/v7-m/nofp\libc_nano.a(lib_a-sprintf.o)
 .ARM.attributes
                0x00000000000003c2       0x17 c:/st/stm32cubeide_1.7.0/stm32cubeide/plugins/com.st.stm32cube.ide.mcu.externaltools.gnu-tools-for-stm32.9-2020-q2-update.win32_2.0.0.202105311346/tools/bin/../lib/gcc/arm-none-eabi/9.3.1/../../../../arm-none-eabi/lib/thumb/v7-m/nofp\libc_nano.a(lib_a-strlen.o)
 .ARM.attributes
                0x00000000000003d9       0x2d c:/st/stm32cubeide_1.7.0/stm32cubeide/plugins/com.st.stm32cube.ide.mcu.externaltools.gnu-tools-for-stm32.9-2020-q2-update.win32_2.0.0.202105311346/tools/bin/../lib/gcc/arm-none-eabi/9.3.1/../../../../arm-none-eabi/lib/thumb/v7-m/nofp\libc_nano.a(lib_a-nano-svfprintf.o)
 .ARM.attributes
                0x0000000000000406       0x2d c:/st/stm32cubeide_1.7.0/stm32cubeide/plugins/com.st.stm32cube.ide.mcu.externaltools.gnu-tools-for-stm32.9-2020-q2-update.win32_2.0.0.202105311346/tools/bin/../lib/gcc/arm-none-eabi/9.3.1/../../../../arm-none-eabi/lib/thumb/v7-m/nofp\libc_nano.a(lib_a-nano-vfprintf_i.o)
 .ARM.attributes
                0x0000000000000433       0x2d c:/st/stm32cubeide_1.7.0/stm32cubeide/plugins/com.st.stm32cube.ide.mcu.externaltools.gnu-tools-for-stm32.9-2020-q2-update.win32_2.0.0.202105311346/tools/bin/../lib/gcc/arm-none-eabi/9.3.1/../../../../arm-none-eabi/lib/thumb/v7-m/nofp\libc_nano.a(lib_a-memchr-stub.o)
 .ARM.attributes
                0x0000000000000460       0x2d c:/st/stm32cubeide_1.7.0/stm32cubeide/plugins/com.st.stm32cube.ide.mcu.externaltools.gnu-tools-for-stm32.9-2020-q2-update.win32_2.0.0.202105311346/tools/bin/../lib/gcc/arm-none-eabi/9.3.1/../../../../arm-none-eabi/lib/thumb/v7-m/nofp\libc_nano.a(lib_a-memcpy-stub.o)
 .ARM.attributes
                0x000000000000048d       0x2d c:/st/stm32cubeide_1.7.0/stm32cubeide/plugins/com.st.stm32cube.ide.mcu.externaltools.gnu-tools-for-stm32.9-2020-q2-update.win32_2.0.0.202105311346/tools/bin/../lib/gcc/arm-none-eabi/9.3.1/../../../../arm-none-eabi/lib/thumb/v7-m/nofp\libc_nano.a(lib_a-memmove.o)
 .ARM.attributes
                0x00000000000004ba       0x2d c:/st/stm32cubeide_1.7.0/stm32cubeide/plugins/com.st.stm32cube.ide.mcu.externaltools.gnu-tools-for-stm32.9-2020-q2-update.win32_2.0.0.202105311346/tools/bin/../lib/gcc/arm-none-eabi/9.3.1/../../../../arm-none-eabi/lib/thumb/v7-m/nofp\libc_nano.a(lib_a-nano-freer.o)
 .ARM.attributes
                0x00000000000004e7       0x2d c:/st/stm32cubeide_1.7.0/stm32cubeide/plugins/com.st.stm32cube.ide.mcu.externaltools.gnu-tools-for-stm32.9-2020-q2-update.win32_2.0.0.202105311346/tools/bin/../lib/gcc/arm-none-eabi/9.3.1/../../../../arm-none-eabi/lib/thumb/v7-m/nofp\libc_nano.a(lib_a-nano-mallocr.o)
 .ARM.attributes
                0x0000000000000514       0x2d c:/st/stm32cubeide_1.7.0/stm32cubeide/plugins/com.st.stm32cube.ide.mcu.externaltools.gnu-tools-for-stm32.9-2020-q2-update.win32_2.0.0.202105311346/tools/bin/../lib/gcc/arm-none-eabi/9.3.1/../../../../arm-none-eabi/lib/thumb/v7-m/nofp\libc_nano.a(lib_a-nano-reallocr.o)
 .ARM.attributes
                0x0000000000000541       0x2d c:/st/stm32cubeide_1.7.0/stm32cubeide/plugins/com.st.stm32cube.ide.mcu.externaltools.gnu-tools-for-stm32.9-2020-q2-update.win32_2.0.0.202105311346/tools/bin/../lib/gcc/arm-none-eabi/9.3.1/../../../../arm-none-eabi/lib/thumb/v7-m/nofp\libc_nano.a(lib_a-sbrkr.o)
 .ARM.attributes
                0x000000000000056e       0x2d c:/st/stm32cubeide_1.7.0/stm32cubeide/plugins/com.st.stm32cube.ide.mcu.externaltools.gnu-tools-for-stm32.9-2020-q2-update.win32_2.0.0.202105311346/tools/bin/../lib/gcc/arm-none-eabi/9.3.1/../../../../arm-none-eabi/lib/thumb/v7-m/nofp\libc_nano.a(lib_a-mlock.o)
 .ARM.attributes
                0x000000000000059b       0x2d c:/st/stm32cubeide_1.7.0/stm32cubeide/plugins/com.st.stm32cube.ide.mcu.externaltools.gnu-tools-for-stm32.9-2020-q2-update.win32_2.0.0.202105311346/tools/bin/../lib/gcc/arm-none-eabi/9.3.1/../../../../arm-none-eabi/lib/thumb/v7-m/nofp\libc_nano.a(lib_a-nano-msizer.o)
 .ARM.attributes
                0x00000000000005c8       0x2d c:/st/stm32cubeide_1.7.0/stm32cubeide/plugins/com.st.stm32cube.ide.mcu.externaltools.gnu-tools-for-stm32.9-2020-q2-update.win32_2.0.0.202105311346/tools/bin/../lib/gcc/arm-none-eabi/9.3.1/../../../../arm-none-eabi/lib/thumb/v7-m/nofp\libc_nano.a(lib_a-reent.o)
 .ARM.attributes
                0x00000000000005f5       0x2d c:/st/stm32cubeide_1.7.0/stm32cubeide/plugins/com.st.stm32cube.ide.mcu.externaltools.gnu-tools-for-stm32.9-2020-q2-update.win32_2.0.0.202105311346/tools/bin/../lib/gcc/arm-none-eabi/9.3.1/../../../../arm-none-eabi/lib/thumb/v7-m/nofp\libc_nano.a(lib_a-lock.o)
 .ARM.attributes
                0x0000000000000622       0x1d c:/st/stm32cubeide_1.7.0/stm32cubeide/plugins/com.st.stm32cube.ide.mcu.externaltools.gnu-tools-for-stm32.9-2020-q2-update.win32_2.0.0.202105311346/tools/bin/../lib/gcc/arm-none-eabi/9.3.1/thumb/v7-m/nofp\libgcc.a(_arm_muldf3.o)
 .ARM.attributes
                0x000000000000063f       0x1d c:/st/stm32cubeide_1.7.0/stm32cubeide/plugins/com.st.stm32cube.ide.mcu.externaltools.gnu-tools-for-stm32.9-2020-q2-update.win32_2.0.0.202105311346/tools/bin/../lib/gcc/arm-none-eabi/9.3.1/thumb/v7-m/nofp\libgcc.a(_arm_addsubdf3.o)
 .ARM.attributes
                0x000000000000065c       0x1d c:/st/stm32cubeide_1.7.0/stm32cubeide/plugins/com.st.stm32cube.ide.mcu.externaltools.gnu-tools-for-stm32.9-2020-q2-update.win32_2.0.0.202105311346/tools/bin/../lib/gcc/arm-none-eabi/9.3.1/thumb/v7-m/nofp\libgcc.a(_arm_fixunsdfsi.o)
 .ARM.attributes
                0x0000000000000679       0x1d c:/st/stm32cubeide_1.7.0/stm32cubeide/plugins/com.st.stm32cube.ide.mcu.externaltools.gnu-tools-for-stm32.9-2020-q2-update.win32_2.0.0.202105311346/tools/bin/../lib/gcc/arm-none-eabi/9.3.1/thumb/v7-m/nofp\libgcc.a(_arm_addsubsf3.o)
 .ARM.attributes
                0x0000000000000696       0x1d c:/st/stm32cubeide_1.7.0/stm32cubeide/plugins/com.st.stm32cube.ide.mcu.externaltools.gnu-tools-for-stm32.9-2020-q2-update.win32_2.0.0.202105311346/tools/bin/../lib/gcc/arm-none-eabi/9.3.1/thumb/v7-m/nofp\libgcc.a(_arm_muldivsf3.o)
 .ARM.attributes
                0x00000000000006b3       0x1d c:/st/stm32cubeide_1.7.0/stm32cubeide/plugins/com.st.stm32cube.ide.mcu.externaltools.gnu-tools-for-stm32.9-2020-q2-update.win32_2.0.0.202105311346/tools/bin/../lib/gcc/arm-none-eabi/9.3.1/thumb/v7-m/nofp/crtn.o
OUTPUT(Code_Project_2.elf elf32-littlearm)
LOAD linker stubs
LOAD c:/st/stm32cubeide_1.7.0/stm32cubeide/plugins/com.st.stm32cube.ide.mcu.externaltools.gnu-tools-for-stm32.9-2020-q2-update.win32_2.0.0.202105311346/tools/bin/../lib/gcc/arm-none-eabi/9.3.1/../../../../arm-none-eabi/lib/thumb/v7-m/nofp\libc.a
LOAD c:/st/stm32cubeide_1.7.0/stm32cubeide/plugins/com.st.stm32cube.ide.mcu.externaltools.gnu-tools-for-stm32.9-2020-q2-update.win32_2.0.0.202105311346/tools/bin/../lib/gcc/arm-none-eabi/9.3.1/../../../../arm-none-eabi/lib/thumb/v7-m/nofp\libm.a
LOAD c:/st/stm32cubeide_1.7.0/stm32cubeide/plugins/com.st.stm32cube.ide.mcu.externaltools.gnu-tools-for-stm32.9-2020-q2-update.win32_2.0.0.202105311346/tools/bin/../lib/gcc/arm-none-eabi/9.3.1/thumb/v7-m/nofp\libgcc.a

.debug_info     0x0000000000000000     0xc668
 .debug_info    0x0000000000000000      0xee4 ./Core/Src/lcd_16x2.o
 .debug_info    0x0000000000000ee4     0x1701 ./Core/Src/main.o
 .debug_info    0x00000000000025e5     0x155a ./Core/Src/stm32f1xx_hal_msp.o
 .debug_info    0x0000000000003b3f      0xac4 ./Core/Src/stm32f1xx_it.o
 .debug_info    0x0000000000004603      0xa25 ./Core/Src/sysmem.o
 .debug_info    0x0000000000005028      0x2be ./Core/Src/system_stm32f1xx.o
 .debug_info    0x00000000000052e6       0x22 ./Core/Startup/startup_stm32f103c6tx.o
 .debug_info    0x0000000000005308      0x74c ./Drivers/STM32F1xx_HAL_Driver/Src/stm32f1xx_hal.o
 .debug_info    0x0000000000005a54      0xd2d ./Drivers/STM32F1xx_HAL_Driver/Src/stm32f1xx_hal_adc.o
 .debug_info    0x0000000000006781      0xbbe ./Drivers/STM32F1xx_HAL_Driver/Src/stm32f1xx_hal_cortex.o
 .debug_info    0x000000000000733f      0x701 ./Drivers/STM32F1xx_HAL_Driver/Src/stm32f1xx_hal_gpio.o
 .debug_info    0x0000000000007a40      0x88e ./Drivers/STM32F1xx_HAL_Driver/Src/stm32f1xx_hal_rcc.o
 .debug_info    0x00000000000082ce      0x480 ./Drivers/STM32F1xx_HAL_Driver/Src/stm32f1xx_hal_rcc_ex.o
 .debug_info    0x000000000000874e     0x2a45 ./Drivers/STM32F1xx_HAL_Driver/Src/stm32f1xx_hal_tim.o
 .debug_info    0x000000000000b193     0x14d5 ./Drivers/STM32F1xx_HAL_Driver/Src/stm32f1xx_hal_tim_ex.o

.debug_abbrev   0x0000000000000000     0x1e5d
 .debug_abbrev  0x0000000000000000      0x2a3 ./Core/Src/lcd_16x2.o
 .debug_abbrev  0x00000000000002a3      0x2d6 ./Core/Src/main.o
 .debug_abbrev  0x0000000000000579      0x247 ./Core/Src/stm32f1xx_hal_msp.o
 .debug_abbrev  0x00000000000007c0      0x1d1 ./Core/Src/stm32f1xx_it.o
 .debug_abbrev  0x0000000000000991      0x1bf ./Core/Src/sysmem.o
 .debug_abbrev  0x0000000000000b50      0x14e ./Core/Src/system_stm32f1xx.o
 .debug_abbrev  0x0000000000000c9e       0x12 ./Core/Startup/startup_stm32f103c6tx.o
 .debug_abbrev  0x0000000000000cb0      0x1ed ./Drivers/STM32F1xx_HAL_Driver/Src/stm32f1xx_hal.o
 .debug_abbrev  0x0000000000000e9d      0x1fb ./Drivers/STM32F1xx_HAL_Driver/Src/stm32f1xx_hal_adc.o
 .debug_abbrev  0x0000000000001098      0x313 ./Drivers/STM32F1xx_HAL_Driver/Src/stm32f1xx_hal_cortex.o
 .debug_abbrev  0x00000000000013ab      0x1e8 ./Drivers/STM32F1xx_HAL_Driver/Src/stm32f1xx_hal_gpio.o
 .debug_abbrev  0x0000000000001593      0x273 ./Drivers/STM32F1xx_HAL_Driver/Src/stm32f1xx_hal_rcc.o
 .debug_abbrev  0x0000000000001806      0x193 ./Drivers/STM32F1xx_HAL_Driver/Src/stm32f1xx_hal_rcc_ex.o
 .debug_abbrev  0x0000000000001999      0x25e ./Drivers/STM32F1xx_HAL_Driver/Src/stm32f1xx_hal_tim.o
 .debug_abbrev  0x0000000000001bf7      0x266 ./Drivers/STM32F1xx_HAL_Driver/Src/stm32f1xx_hal_tim_ex.o

.debug_aranges  0x0000000000000000      0xb10
 .debug_aranges
                0x0000000000000000       0x80 ./Core/Src/lcd_16x2.o
 .debug_aranges
                0x0000000000000080       0x58 ./Core/Src/main.o
 .debug_aranges
                0x00000000000000d8       0x48 ./Core/Src/stm32f1xx_hal_msp.o
 .debug_aranges
                0x0000000000000120       0x60 ./Core/Src/stm32f1xx_it.o
 .debug_aranges
                0x0000000000000180       0x20 ./Core/Src/sysmem.o
 .debug_aranges
                0x00000000000001a0       0x28 ./Core/Src/system_stm32f1xx.o
 .debug_aranges
                0x00000000000001c8       0x28 ./Core/Startup/startup_stm32f103c6tx.o
 .debug_aranges
                0x00000000000001f0       0xe0 ./Drivers/STM32F1xx_HAL_Driver/Src/stm32f1xx_hal.o
 .debug_aranges
                0x00000000000002d0       0xf0 ./Drivers/STM32F1xx_HAL_Driver/Src/stm32f1xx_hal_adc.o
 .debug_aranges
                0x00000000000003c0      0x100 ./Drivers/STM32F1xx_HAL_Driver/Src/stm32f1xx_hal_cortex.o
 .debug_aranges
                0x00000000000004c0       0x58 ./Drivers/STM32F1xx_HAL_Driver/Src/stm32f1xx_hal_gpio.o
 .debug_aranges
                0x0000000000000518       0x90 ./Drivers/STM32F1xx_HAL_Driver/Src/stm32f1xx_hal_rcc.o
 .debug_aranges
                0x00000000000005a8       0x30 ./Drivers/STM32F1xx_HAL_Driver/Src/stm32f1xx_hal_rcc_ex.o
 .debug_aranges
                0x00000000000005d8      0x3d0 ./Drivers/STM32F1xx_HAL_Driver/Src/stm32f1xx_hal_tim.o
 .debug_aranges
                0x00000000000009a8      0x168 ./Drivers/STM32F1xx_HAL_Driver/Src/stm32f1xx_hal_tim_ex.o

.debug_ranges   0x0000000000000000      0xa28
 .debug_ranges  0x0000000000000000       0x70 ./Core/Src/lcd_16x2.o
 .debug_ranges  0x0000000000000070       0x48 ./Core/Src/main.o
 .debug_ranges  0x00000000000000b8       0x38 ./Core/Src/stm32f1xx_hal_msp.o
 .debug_ranges  0x00000000000000f0       0x50 ./Core/Src/stm32f1xx_it.o
 .debug_ranges  0x0000000000000140       0x10 ./Core/Src/sysmem.o
 .debug_ranges  0x0000000000000150       0x18 ./Core/Src/system_stm32f1xx.o
 .debug_ranges  0x0000000000000168       0x20 ./Core/Startup/startup_stm32f103c6tx.o
 .debug_ranges  0x0000000000000188       0xd0 ./Drivers/STM32F1xx_HAL_Driver/Src/stm32f1xx_hal.o
 .debug_ranges  0x0000000000000258       0xe0 ./Drivers/STM32F1xx_HAL_Driver/Src/stm32f1xx_hal_adc.o
 .debug_ranges  0x0000000000000338       0xf0 ./Drivers/STM32F1xx_HAL_Driver/Src/stm32f1xx_hal_cortex.o
 .debug_ranges  0x0000000000000428       0x48 ./Drivers/STM32F1xx_HAL_Driver/Src/stm32f1xx_hal_gpio.o
 .debug_ranges  0x0000000000000470       0x80 ./Drivers/STM32F1xx_HAL_Driver/Src/stm32f1xx_hal_rcc.o
 .debug_ranges  0x00000000000004f0       0x20 ./Drivers/STM32F1xx_HAL_Driver/Src/stm32f1xx_hal_rcc_ex.o
 .debug_ranges  0x0000000000000510      0x3c0 ./Drivers/STM32F1xx_HAL_Driver/Src/stm32f1xx_hal_tim.o
 .debug_ranges  0x00000000000008d0      0x158 ./Drivers/STM32F1xx_HAL_Driver/Src/stm32f1xx_hal_tim_ex.o

.debug_macro    0x0000000000000000    0x1833a
 .debug_macro   0x0000000000000000      0x34a ./Core/Src/lcd_16x2.o
 .debug_macro   0x000000000000034a      0xa9c ./Core/Src/lcd_16x2.o
 .debug_macro   0x0000000000000de6      0x21b ./Core/Src/lcd_16x2.o
 .debug_macro   0x0000000000001001       0x2e ./Core/Src/lcd_16x2.o
 .debug_macro   0x000000000000102f       0x22 ./Core/Src/lcd_16x2.o
 .debug_macro   0x0000000000001051       0x22 ./Core/Src/lcd_16x2.o
 .debug_macro   0x0000000000001073       0x8e ./Core/Src/lcd_16x2.o
 .debug_macro   0x0000000000001101       0x51 ./Core/Src/lcd_16x2.o
 .debug_macro   0x0000000000001152      0x103 ./Core/Src/lcd_16x2.o
 .debug_macro   0x0000000000001255       0x6a ./Core/Src/lcd_16x2.o
 .debug_macro   0x00000000000012bf      0x1df ./Core/Src/lcd_16x2.o
 .debug_macro   0x000000000000149e       0x1c ./Core/Src/lcd_16x2.o
 .debug_macro   0x00000000000014ba       0x22 ./Core/Src/lcd_16x2.o
 .debug_macro   0x00000000000014dc       0xc3 ./Core/Src/lcd_16x2.o
 .debug_macro   0x000000000000159f      0xd23 ./Core/Src/lcd_16x2.o
 .debug_macro   0x00000000000022c2     0xde75 ./Core/Src/lcd_16x2.o
 .debug_macro   0x0000000000010137       0x6d ./Core/Src/lcd_16x2.o
 .debug_macro   0x00000000000101a4     0x3468 ./Core/Src/lcd_16x2.o
 .debug_macro   0x000000000001360c      0x174 ./Core/Src/lcd_16x2.o
 .debug_macro   0x0000000000013780       0x5c ./Core/Src/lcd_16x2.o
 .debug_macro   0x00000000000137dc      0x5be ./Core/Src/lcd_16x2.o
 .debug_macro   0x0000000000013d9a      0x1b7 ./Core/Src/lcd_16x2.o
 .debug_macro   0x0000000000013f51      0x1cb ./Core/Src/lcd_16x2.o
 .debug_macro   0x000000000001411c      0x114 ./Core/Src/lcd_16x2.o
 .debug_macro   0x0000000000014230      0x1b2 ./Core/Src/lcd_16x2.o
 .debug_macro   0x00000000000143e2       0x27 ./Core/Src/lcd_16x2.o
 .debug_macro   0x0000000000014409      0x12f ./Core/Src/lcd_16x2.o
 .debug_macro   0x0000000000014538      0x1bc ./Core/Src/lcd_16x2.o
 .debug_macro   0x00000000000146f4       0x34 ./Core/Src/lcd_16x2.o
 .debug_macro   0x0000000000014728       0x3c ./Core/Src/lcd_16x2.o
 .debug_macro   0x0000000000014764       0x57 ./Core/Src/lcd_16x2.o
 .debug_macro   0x00000000000147bb      0x46a ./Core/Src/lcd_16x2.o
 .debug_macro   0x0000000000014c25      0x1b5 ./Core/Src/lcd_16x2.o
 .debug_macro   0x0000000000014dda       0x88 ./Core/Src/lcd_16x2.o
 .debug_macro   0x0000000000014e62      0x183 ./Core/Src/lcd_16x2.o
 .debug_macro   0x0000000000014fe5      0x141 ./Core/Src/lcd_16x2.o
 .debug_macro   0x0000000000015126      0x8d1 ./Core/Src/lcd_16x2.o
 .debug_macro   0x00000000000159f7       0x69 ./Core/Src/lcd_16x2.o
 .debug_macro   0x0000000000015a60       0x52 ./Core/Src/lcd_16x2.o
 .debug_macro   0x0000000000015ab2       0x18 ./Core/Src/lcd_16x2.o
 .debug_macro   0x0000000000015aca       0x3c ./Core/Src/lcd_16x2.o
 .debug_macro   0x0000000000015b06       0x34 ./Core/Src/lcd_16x2.o
 .debug_macro   0x0000000000015b3a       0x16 ./Core/Src/lcd_16x2.o
 .debug_macro   0x0000000000015b50       0x43 ./Core/Src/lcd_16x2.o
 .debug_macro   0x0000000000015b93       0x34 ./Core/Src/lcd_16x2.o
 .debug_macro   0x0000000000015bc7       0x10 ./Core/Src/lcd_16x2.o
 .debug_macro   0x0000000000015bd7       0x58 ./Core/Src/lcd_16x2.o
 .debug_macro   0x0000000000015c2f       0x71 ./Core/Src/lcd_16x2.o
 .debug_macro   0x0000000000015ca0       0x1c ./Core/Src/lcd_16x2.o
 .debug_macro   0x0000000000015cbc      0x12a ./Core/Src/lcd_16x2.o
 .debug_macro   0x0000000000015de6      0x333 ./Core/Src/lcd_16x2.o
 .debug_macro   0x0000000000016119       0x10 ./Core/Src/lcd_16x2.o
 .debug_macro   0x0000000000016129       0x35 ./Core/Src/lcd_16x2.o
 .debug_macro   0x000000000001615e       0x20 ./Core/Src/lcd_16x2.o
 .debug_macro   0x000000000001617e       0x1c ./Core/Src/lcd_16x2.o
 .debug_macro   0x000000000001619a       0x10 ./Core/Src/lcd_16x2.o
 .debug_macro   0x00000000000161aa       0x10 ./Core/Src/lcd_16x2.o
 .debug_macro   0x00000000000161ba       0x1c ./Core/Src/lcd_16x2.o
 .debug_macro   0x00000000000161d6       0x52 ./Core/Src/lcd_16x2.o
 .debug_macro   0x0000000000016228       0x22 ./Core/Src/lcd_16x2.o
 .debug_macro   0x000000000001624a       0x10 ./Core/Src/lcd_16x2.o
 .debug_macro   0x000000000001625a       0x40 ./Core/Src/lcd_16x2.o
 .debug_macro   0x000000000001629a       0xd5 ./Core/Src/lcd_16x2.o
 .debug_macro   0x000000000001636f       0x1c ./Core/Src/lcd_16x2.o
 .debug_macro   0x000000000001638b       0x3d ./Core/Src/lcd_16x2.o
 .debug_macro   0x00000000000163c8       0x16 ./Core/Src/lcd_16x2.o
 .debug_macro   0x00000000000163de      0x145 ./Core/Src/lcd_16x2.o
 .debug_macro   0x0000000000016523      0x10c ./Core/Src/lcd_16x2.o
 .debug_macro   0x000000000001662f      0x354 ./Core/Src/main.o
 .debug_macro   0x0000000000016983      0x354 ./Core/Src/stm32f1xx_hal_msp.o
 .debug_macro   0x0000000000016cd7      0x35e ./Core/Src/stm32f1xx_it.o
 .debug_macro   0x0000000000017035       0xff ./Core/Src/sysmem.o
 .debug_macro   0x0000000000017134      0x23b ./Core/Src/sysmem.o
 .debug_macro   0x000000000001736f      0x1ac ./Core/Src/system_stm32f1xx.o
 .debug_macro   0x000000000001751b      0x1d0 ./Drivers/STM32F1xx_HAL_Driver/Src/stm32f1xx_hal.o
 .debug_macro   0x00000000000176eb      0x1c9 ./Drivers/STM32F1xx_HAL_Driver/Src/stm32f1xx_hal_adc.o
 .debug_macro   0x00000000000178b4      0x1ac ./Drivers/STM32F1xx_HAL_Driver/Src/stm32f1xx_hal_cortex.o
 .debug_macro   0x0000000000017a60      0x217 ./Drivers/STM32F1xx_HAL_Driver/Src/stm32f1xx_hal_gpio.o
 .debug_macro   0x0000000000017c77      0x1be ./Drivers/STM32F1xx_HAL_Driver/Src/stm32f1xx_hal_rcc.o
 .debug_macro   0x0000000000017e35      0x1ac ./Drivers/STM32F1xx_HAL_Driver/Src/stm32f1xx_hal_rcc_ex.o
 .debug_macro   0x0000000000017fe1      0x1ad ./Drivers/STM32F1xx_HAL_Driver/Src/stm32f1xx_hal_tim.o
 .debug_macro   0x000000000001818e      0x1ac ./Drivers/STM32F1xx_HAL_Driver/Src/stm32f1xx_hal_tim_ex.o

.debug_line     0x0000000000000000     0xc372
 .debug_line    0x0000000000000000      0xad1 ./Core/Src/lcd_16x2.o
 .debug_line    0x0000000000000ad1      0xa9e ./Core/Src/main.o
 .debug_line    0x000000000000156f      0x961 ./Core/Src/stm32f1xx_hal_msp.o
 .debug_line    0x0000000000001ed0      0x979 ./Core/Src/stm32f1xx_it.o
 .debug_line    0x0000000000002849      0x4f8 ./Core/Src/sysmem.o
 .debug_line    0x0000000000002d41      0x714 ./Core/Src/system_stm32f1xx.o
 .debug_line    0x0000000000003455       0x87 ./Core/Startup/startup_stm32f103c6tx.o
 .debug_line    0x00000000000034dc      0x941 ./Drivers/STM32F1xx_HAL_Driver/Src/stm32f1xx_hal.o
 .debug_line    0x0000000000003e1d      0xfb8 ./Drivers/STM32F1xx_HAL_Driver/Src/stm32f1xx_hal_adc.o
 .debug_line    0x0000000000004dd5      0xb29 ./Drivers/STM32F1xx_HAL_Driver/Src/stm32f1xx_hal_cortex.o
 .debug_line    0x00000000000058fe      0x9c2 ./Drivers/STM32F1xx_HAL_Driver/Src/stm32f1xx_hal_gpio.o
 .debug_line    0x00000000000062c0      0xd4f ./Drivers/STM32F1xx_HAL_Driver/Src/stm32f1xx_hal_rcc.o
 .debug_line    0x000000000000700f      0x88d ./Drivers/STM32F1xx_HAL_Driver/Src/stm32f1xx_hal_rcc_ex.o
 .debug_line    0x000000000000789c     0x329f ./Drivers/STM32F1xx_HAL_Driver/Src/stm32f1xx_hal_tim.o
 .debug_line    0x000000000000ab3b     0x1837 ./Drivers/STM32F1xx_HAL_Driver/Src/stm32f1xx_hal_tim_ex.o

.debug_str      0x0000000000000000    0x8b4b8
 .debug_str     0x0000000000000000    0x880e1 ./Core/Src/lcd_16x2.o
                                      0x884e7 (size before relaxing)
 .debug_str     0x00000000000880e1      0x8b9 ./Core/Src/main.o
                                      0x88cf0 (size before relaxing)
 .debug_str     0x000000000008899a       0xd0 ./Core/Src/stm32f1xx_hal_msp.o
                                      0x88a4e (size before relaxing)
 .debug_str     0x0000000000088a6a       0xbd ./Core/Src/stm32f1xx_it.o
                                      0x883bd (size before relaxing)
 .debug_str     0x0000000000088b27      0x4e9 ./Core/Src/sysmem.o
                                       0x6290 (size before relaxing)
 .debug_str     0x0000000000089010       0x52 ./Core/Src/system_stm32f1xx.o
                                      0x83f38 (size before relaxing)
 .debug_str     0x0000000000089062       0x36 ./Core/Startup/startup_stm32f103c6tx.o
                                         0xa4 (size before relaxing)
 .debug_str     0x0000000000089098      0x52e ./Drivers/STM32F1xx_HAL_Driver/Src/stm32f1xx_hal.o
                                      0x8458f (size before relaxing)
 .debug_str     0x00000000000895c6      0x35f ./Drivers/STM32F1xx_HAL_Driver/Src/stm32f1xx_hal_adc.o
                                      0x845c8 (size before relaxing)
 .debug_str     0x0000000000089925      0x300 ./Drivers/STM32F1xx_HAL_Driver/Src/stm32f1xx_hal_cortex.o
                                      0x84597 (size before relaxing)
 .debug_str     0x0000000000089c25      0x324 ./Drivers/STM32F1xx_HAL_Driver/Src/stm32f1xx_hal_gpio.o
                                      0x842fc (size before relaxing)
 .debug_str     0x0000000000089f49      0x24f ./Drivers/STM32F1xx_HAL_Driver/Src/stm32f1xx_hal_rcc.o
                                      0x84335 (size before relaxing)
 .debug_str     0x000000000008a198       0xaf ./Drivers/STM32F1xx_HAL_Driver/Src/stm32f1xx_hal_rcc_ex.o
                                      0x840c2 (size before relaxing)
 .debug_str     0x000000000008a247      0xd83 ./Drivers/STM32F1xx_HAL_Driver/Src/stm32f1xx_hal_tim.o
                                      0x85307 (size before relaxing)
 .debug_str     0x000000000008afca      0x4ee ./Drivers/STM32F1xx_HAL_Driver/Src/stm32f1xx_hal_tim_ex.o
                                      0x84ab8 (size before relaxing)

.comment        0x0000000000000000       0x53
 .comment       0x0000000000000000       0x53 ./Core/Src/lcd_16x2.o
                                         0x54 (size before relaxing)
 .comment       0x0000000000000053       0x54 ./Core/Src/main.o
 .comment       0x0000000000000053       0x54 ./Core/Src/stm32f1xx_hal_msp.o
 .comment       0x0000000000000053       0x54 ./Core/Src/stm32f1xx_it.o
 .comment       0x0000000000000053       0x54 ./Core/Src/sysmem.o
 .comment       0x0000000000000053       0x54 ./Core/Src/system_stm32f1xx.o
 .comment       0x0000000000000053       0x54 ./Drivers/STM32F1xx_HAL_Driver/Src/stm32f1xx_hal.o
 .comment       0x0000000000000053       0x54 ./Drivers/STM32F1xx_HAL_Driver/Src/stm32f1xx_hal_adc.o
 .comment       0x0000000000000053       0x54 ./Drivers/STM32F1xx_HAL_Driver/Src/stm32f1xx_hal_cortex.o
 .comment       0x0000000000000053       0x54 ./Drivers/STM32F1xx_HAL_Driver/Src/stm32f1xx_hal_gpio.o
 .comment       0x0000000000000053       0x54 ./Drivers/STM32F1xx_HAL_Driver/Src/stm32f1xx_hal_rcc.o
 .comment       0x0000000000000053       0x54 ./Drivers/STM32F1xx_HAL_Driver/Src/stm32f1xx_hal_rcc_ex.o
 .comment       0x0000000000000053       0x54 ./Drivers/STM32F1xx_HAL_Driver/Src/stm32f1xx_hal_tim.o
 .comment       0x0000000000000053       0x54 ./Drivers/STM32F1xx_HAL_Driver/Src/stm32f1xx_hal_tim_ex.o

.debug_frame    0x0000000000000000     0x32b8
 .debug_frame   0x0000000000000000      0x1d8 ./Core/Src/lcd_16x2.o
 .debug_frame   0x00000000000001d8      0x128 ./Core/Src/main.o
 .debug_frame   0x0000000000000300       0xf4 ./Core/Src/stm32f1xx_hal_msp.o
 .debug_frame   0x00000000000003f4      0x104 ./Core/Src/stm32f1xx_it.o
 .debug_frame   0x00000000000004f8       0x34 ./Core/Src/sysmem.o
 .debug_frame   0x000000000000052c       0x58 ./Core/Src/system_stm32f1xx.o
 .debug_frame   0x0000000000000584      0x334 ./Drivers/STM32F1xx_HAL_Driver/Src/stm32f1xx_hal.o
 .debug_frame   0x00000000000008b8      0x40c ./Drivers/STM32F1xx_HAL_Driver/Src/stm32f1xx_hal_adc.o
 .debug_frame   0x0000000000000cc4      0x428 ./Drivers/STM32F1xx_HAL_Driver/Src/stm32f1xx_hal_cortex.o
 .debug_frame   0x00000000000010ec      0x14c ./Drivers/STM32F1xx_HAL_Driver/Src/stm32f1xx_hal_gpio.o
 .debug_frame   0x0000000000001238      0x21c ./Drivers/STM32F1xx_HAL_Driver/Src/stm32f1xx_hal_rcc.o
 .debug_frame   0x0000000000001454       0x84 ./Drivers/STM32F1xx_HAL_Driver/Src/stm32f1xx_hal_rcc_ex.o
 .debug_frame   0x00000000000014d8     0x11b8 ./Drivers/STM32F1xx_HAL_Driver/Src/stm32f1xx_hal_tim.o
 .debug_frame   0x0000000000002690      0x638 ./Drivers/STM32F1xx_HAL_Driver/Src/stm32f1xx_hal_tim_ex.o
 .debug_frame   0x0000000000002cc8       0x20 c:/st/stm32cubeide_1.7.0/stm32cubeide/plugins/com.st.stm32cube.ide.mcu.externaltools.gnu-tools-for-stm32.9-2020-q2-update.win32_2.0.0.202105311346/tools/bin/../lib/gcc/arm-none-eabi/9.3.1/../../../../arm-none-eabi/lib/thumb/v7-m/nofp\libc_nano.a(lib_a-errno.o)
 .debug_frame   0x0000000000002ce8       0x2c c:/st/stm32cubeide_1.7.0/stm32cubeide/plugins/com.st.stm32cube.ide.mcu.externaltools.gnu-tools-for-stm32.9-2020-q2-update.win32_2.0.0.202105311346/tools/bin/../lib/gcc/arm-none-eabi/9.3.1/../../../../arm-none-eabi/lib/thumb/v7-m/nofp\libc_nano.a(lib_a-init.o)
 .debug_frame   0x0000000000002d14       0x20 c:/st/stm32cubeide_1.7.0/stm32cubeide/plugins/com.st.stm32cube.ide.mcu.externaltools.gnu-tools-for-stm32.9-2020-q2-update.win32_2.0.0.202105311346/tools/bin/../lib/gcc/arm-none-eabi/9.3.1/../../../../arm-none-eabi/lib/thumb/v7-m/nofp\libc_nano.a(lib_a-memset.o)
 .debug_frame   0x0000000000002d34       0x6c c:/st/stm32cubeide_1.7.0/stm32cubeide/plugins/com.st.stm32cube.ide.mcu.externaltools.gnu-tools-for-stm32.9-2020-q2-update.win32_2.0.0.202105311346/tools/bin/../lib/gcc/arm-none-eabi/9.3.1/../../../../arm-none-eabi/lib/thumb/v7-m/nofp\libc_nano.a(lib_a-sprintf.o)
 .debug_frame   0x0000000000002da0       0x90 c:/st/stm32cubeide_1.7.0/stm32cubeide/plugins/com.st.stm32cube.ide.mcu.externaltools.gnu-tools-for-stm32.9-2020-q2-update.win32_2.0.0.202105311346/tools/bin/../lib/gcc/arm-none-eabi/9.3.1/../../../../arm-none-eabi/lib/thumb/v7-m/nofp\libc_nano.a(lib_a-nano-svfprintf.o)
 .debug_frame   0x0000000000002e30       0x60 c:/st/stm32cubeide_1.7.0/stm32cubeide/plugins/com.st.stm32cube.ide.mcu.externaltools.gnu-tools-for-stm32.9-2020-q2-update.win32_2.0.0.202105311346/tools/bin/../lib/gcc/arm-none-eabi/9.3.1/../../../../arm-none-eabi/lib/thumb/v7-m/nofp\libc_nano.a(lib_a-nano-vfprintf_i.o)
 .debug_frame   0x0000000000002e90       0x28 c:/st/stm32cubeide_1.7.0/stm32cubeide/plugins/com.st.stm32cube.ide.mcu.externaltools.gnu-tools-for-stm32.9-2020-q2-update.win32_2.0.0.202105311346/tools/bin/../lib/gcc/arm-none-eabi/9.3.1/../../../../arm-none-eabi/lib/thumb/v7-m/nofp\libc_nano.a(lib_a-memchr-stub.o)
 .debug_frame   0x0000000000002eb8       0x28 c:/st/stm32cubeide_1.7.0/stm32cubeide/plugins/com.st.stm32cube.ide.mcu.externaltools.gnu-tools-for-stm32.9-2020-q2-update.win32_2.0.0.202105311346/tools/bin/../lib/gcc/arm-none-eabi/9.3.1/../../../../arm-none-eabi/lib/thumb/v7-m/nofp\libc_nano.a(lib_a-memcpy-stub.o)
 .debug_frame   0x0000000000002ee0       0x28 c:/st/stm32cubeide_1.7.0/stm32cubeide/plugins/com.st.stm32cube.ide.mcu.externaltools.gnu-tools-for-stm32.9-2020-q2-update.win32_2.0.0.202105311346/tools/bin/../lib/gcc/arm-none-eabi/9.3.1/../../../../arm-none-eabi/lib/thumb/v7-m/nofp\libc_nano.a(lib_a-memmove.o)
 .debug_frame   0x0000000000002f08       0x38 c:/st/stm32cubeide_1.7.0/stm32cubeide/plugins/com.st.stm32cube.ide.mcu.externaltools.gnu-tools-for-stm32.9-2020-q2-update.win32_2.0.0.202105311346/tools/bin/../lib/gcc/arm-none-eabi/9.3.1/../../../../arm-none-eabi/lib/thumb/v7-m/nofp\libc_nano.a(lib_a-nano-freer.o)
 .debug_frame   0x0000000000002f40       0x30 c:/st/stm32cubeide_1.7.0/stm32cubeide/plugins/com.st.stm32cube.ide.mcu.externaltools.gnu-tools-for-stm32.9-2020-q2-update.win32_2.0.0.202105311346/tools/bin/../lib/gcc/arm-none-eabi/9.3.1/../../../../arm-none-eabi/lib/thumb/v7-m/nofp\libc_nano.a(lib_a-nano-mallocr.o)
 .debug_frame   0x0000000000002f70       0x3c c:/st/stm32cubeide_1.7.0/stm32cubeide/plugins/com.st.stm32cube.ide.mcu.externaltools.gnu-tools-for-stm32.9-2020-q2-update.win32_2.0.0.202105311346/tools/bin/../lib/gcc/arm-none-eabi/9.3.1/../../../../arm-none-eabi/lib/thumb/v7-m/nofp\libc_nano.a(lib_a-nano-reallocr.o)
 .debug_frame   0x0000000000002fac       0x2c c:/st/stm32cubeide_1.7.0/stm32cubeide/plugins/com.st.stm32cube.ide.mcu.externaltools.gnu-tools-for-stm32.9-2020-q2-update.win32_2.0.0.202105311346/tools/bin/../lib/gcc/arm-none-eabi/9.3.1/../../../../arm-none-eabi/lib/thumb/v7-m/nofp\libc_nano.a(lib_a-sbrkr.o)
 .debug_frame   0x0000000000002fd8       0x30 c:/st/stm32cubeide_1.7.0/stm32cubeide/plugins/com.st.stm32cube.ide.mcu.externaltools.gnu-tools-for-stm32.9-2020-q2-update.win32_2.0.0.202105311346/tools/bin/../lib/gcc/arm-none-eabi/9.3.1/../../../../arm-none-eabi/lib/thumb/v7-m/nofp\libc_nano.a(lib_a-mlock.o)
 .debug_frame   0x0000000000003008       0x20 c:/st/stm32cubeide_1.7.0/stm32cubeide/plugins/com.st.stm32cube.ide.mcu.externaltools.gnu-tools-for-stm32.9-2020-q2-update.win32_2.0.0.202105311346/tools/bin/../lib/gcc/arm-none-eabi/9.3.1/../../../../arm-none-eabi/lib/thumb/v7-m/nofp\libc_nano.a(lib_a-nano-msizer.o)
 .debug_frame   0x0000000000003028       0x5c c:/st/stm32cubeide_1.7.0/stm32cubeide/plugins/com.st.stm32cube.ide.mcu.externaltools.gnu-tools-for-stm32.9-2020-q2-update.win32_2.0.0.202105311346/tools/bin/../lib/gcc/arm-none-eabi/9.3.1/../../../../arm-none-eabi/lib/thumb/v7-m/nofp\libc_nano.a(lib_a-reent.o)
 .debug_frame   0x0000000000003084       0xb0 c:/st/stm32cubeide_1.7.0/stm32cubeide/plugins/com.st.stm32cube.ide.mcu.externaltools.gnu-tools-for-stm32.9-2020-q2-update.win32_2.0.0.202105311346/tools/bin/../lib/gcc/arm-none-eabi/9.3.1/../../../../arm-none-eabi/lib/thumb/v7-m/nofp\libc_nano.a(lib_a-lock.o)
 .debug_frame   0x0000000000003134       0x30 c:/st/stm32cubeide_1.7.0/stm32cubeide/plugins/com.st.stm32cube.ide.mcu.externaltools.gnu-tools-for-stm32.9-2020-q2-update.win32_2.0.0.202105311346/tools/bin/../lib/gcc/arm-none-eabi/9.3.1/thumb/v7-m/nofp\libgcc.a(_arm_muldf3.o)
 .debug_frame   0x0000000000003164       0xac c:/st/stm32cubeide_1.7.0/stm32cubeide/plugins/com.st.stm32cube.ide.mcu.externaltools.gnu-tools-for-stm32.9-2020-q2-update.win32_2.0.0.202105311346/tools/bin/../lib/gcc/arm-none-eabi/9.3.1/thumb/v7-m/nofp\libgcc.a(_arm_addsubdf3.o)
 .debug_frame   0x0000000000003210       0x24 c:/st/stm32cubeide_1.7.0/stm32cubeide/plugins/com.st.stm32cube.ide.mcu.externaltools.gnu-tools-for-stm32.9-2020-q2-update.win32_2.0.0.202105311346/tools/bin/../lib/gcc/arm-none-eabi/9.3.1/thumb/v7-m/nofp\libgcc.a(_arm_fixunsdfsi.o)
 .debug_frame   0x0000000000003234       0x4c c:/st/stm32cubeide_1.7.0/stm32cubeide/plugins/com.st.stm32cube.ide.mcu.externaltools.gnu-tools-for-stm32.9-2020-q2-update.win32_2.0.0.202105311346/tools/bin/../lib/gcc/arm-none-eabi/9.3.1/thumb/v7-m/nofp\libgcc.a(_arm_addsubsf3.o)
 .debug_frame   0x0000000000003280       0x38 c:/st/stm32cubeide_1.7.0/stm32cubeide/plugins/com.st.stm32cube.ide.mcu.externaltools.gnu-tools-for-stm32.9-2020-q2-update.win32_2.0.0.202105311346/tools/bin/../lib/gcc/arm-none-eabi/9.3.1/thumb/v7-m/nofp\libgcc.a(_arm_muldivsf3.o)
