main.c:86:5:main	8	static
main.c:149:6:SystemClock_Config	88	static
main.c:192:13:MX_ADC1_Init	24	static
main.c:245:13:MX_TIM1_Init	32	static
main.c:291:13:MX_TIM2_Init	64	static
main.c:350:13:MX_TIM3_Init	56	static
main.c:397:13:MX_DMA_Init	16	static
main.c:415:13:MX_GPIO_Init	40	static
main.c:449:6:TIM2_PWM_Set_Duty	24	static
main.c:460:6:TIM2_PWM_Set_Frequency	24	static
main.c:471:6:HAL_TIM_PeriodElapsedCallback	88	static,ignoring_inline_asm
main.c:506:6:Error_Handler	4	static,ignoring_inline_asm
