main.c:88:5:main	8	static
main.c:179:6:SystemClock_Config	88	static
main.c:222:13:MX_ADC1_Init	24	static
main.c:275:13:MX_TIM2_Init	64	static
main.c:334:13:MX_TIM3_Init	56	static
main.c:383:13:MX_TIM4_Init	32	static
main.c:426:13:MX_DMA_Init	16	static
main.c:444:13:MX_GPIO_Init	32	static
main.c:487:9:TIM_Check_Enable	16	static
main.c:499:6:TIM2_PWM_Set_Duty	24	static
main.c:510:6:TIM2_PWM_Set_Frequency	24	static
main.c:521:6:HAL_TIM_PeriodElapsedCallback	88	static
main.c:536:6:HAL_GPIO_EXTI_Callback	16	static
main.c:569:6:Error_Handler	4	static,ignoring_inline_asm
