main.c:83:5:main	8	static
main.c:175:6:SystemClock_Config	88	static
main.c:218:13:MX_ADC1_Init	24	static
main.c:271:13:MX_TIM1_Init	32	static
main.c:317:13:MX_TIM2_Init	64	static
main.c:376:13:MX_TIM3_Init	56	static
main.c:423:13:MX_DMA_Init	16	static
main.c:441:13:MX_GPIO_Init	40	static
main.c:475:6:TIM2_PWM_Set_Duty	24	static
main.c:486:6:TIM2_PWM_Set_Frequency	24	static
main.c:497:6:HAL_TIM_PeriodElapsedCallback	88	static,ignoring_inline_asm
main.c:531:6:Error_Handler	4	static,ignoring_inline_asm
