main.c:86:5:main	8	static
main.c:182:6:SystemClock_Config	88	static
main.c:225:13:MX_ADC1_Init	24	static
main.c:278:13:MX_TIM1_Init	32	static
main.c:324:13:MX_TIM2_Init	64	static
main.c:383:13:MX_TIM3_Init	56	static
main.c:430:13:MX_DMA_Init	16	static
main.c:448:13:MX_GPIO_Init	40	static
main.c:482:6:TIM2_PWM_Set_Duty	24	static
main.c:493:6:TIM2_PWM_Set_Frequency	24	static
main.c:504:6:HAL_TIM_PeriodElapsedCallback	88	static,ignoring_inline_asm
main.c:539:6:Error_Handler	4	static,ignoring_inline_asm
