12:03:41 **** Incremental Build of configuration Debug for project read_encoder ****
make -j8 all 
arm-none-eabi-gcc "../Core/Src/main.c" -mcpu=cortex-m3 -std=gnu11 -g3 -DDEBUG -DUSE_HAL_DRIVER -DSTM32F103xB -c -I../Core/Inc -I../Drivers/STM32F1xx_HAL_Driver/Inc -I../Drivers/STM32F1xx_HAL_Driver/Inc/Legacy -I../Drivers/CMSIS/Device/ST/STM32F1xx/Include -I../Drivers/CMSIS/Include -O0 -ffunction-sections -fdata-sections -Wall -fstack-usage -MMD -MP -MF"Core/Src/main.d" -MT"Core/Src/main.o" --specs=nano.specs -mfloat-abi=soft -mthumb -o "Core/Src/main.o"
arm-none-eabi-gcc -o "read_encoder.elf" @"objects.list"   -mcpu=cortex-m3 -T"C:\Users\acer\OneDrive - Hanoi University of Science and Technology\NAM_4\KY_1\Project_2\Project_2_Code\read_encoder\STM32F103C8TX_FLASH.ld" --specs=nosys.specs -Wl,-Map="read_encoder.map" -Wl,--gc-sections -static --specs=nano.specs -mfloat-abi=soft -mthumb -Wl,--start-group -lc -lm -Wl,--end-group
Finished building target: read_encoder.elf
 
arm-none-eabi-size   read_encoder.elf 
arm-none-eabi-objdump -h -S  read_encoder.elf  > "read_encoder.list"
arm-none-eabi-objcopy  -O binary  read_encoder.elf  "read_encoder.bin"
   text	   data	    bss	    dec	    hex	filename
   4772	     20	   1572	   6364	   18dc	read_encoder.elf
Finished building: default.size.stdout
 
Finished building: read_encoder.bin
Finished building: read_encoder.list
 
 

12:03:46 Build Finished. 0 errors, 0 warnings. (took 4s.534ms)

